

================================================================
== Vivado HLS Report for 'window'
================================================================
* Date:           Sun Feb 14 15:05:30 2021

* Version:        2019.2.1 (Build 2724168 on Thu Dec 05 05:19:09 MST 2019)
* Project:        window_prj
* Solution:       solution1
* Product family: virtexuplus
* Target device:  xcu250-figd2104-2L-e


================================================================
== Performance Estimates
================================================================
+ Timing: 
    * Summary: 
    +--------+---------+----------+------------+
    |  Clock |  Target | Estimated| Uncertainty|
    +--------+---------+----------+------------+
    |ap_clk  | 5.00 ns | 4.279 ns |   0.62 ns  |
    +--------+---------+----------+------------+

+ Latency: 
    * Summary: 
    +---------+---------+-----------+-----------+-----+-----+----------+
    |  Latency (cycles) |   Latency (absolute)  |  Interval | Pipeline |
    |   min   |   max   |    min    |    max    | min | max |   Type   |
    +---------+---------+-----------+-----------+-----+-----+----------+
    |       11|       13| 55.000 ns | 65.000 ns |    4|    4| dataflow |
    +---------+---------+-----------+-----------+-----+-----+----------+

    + Detail: 
        * Instance: 
        +--------------------+-----------------+---------+---------+-----------+-----------+-----+-----+---------------------------------------------+
        |                    |                 |  Latency (cycles) |   Latency (absolute)  |  Interval |                   Pipeline                  |
        |      Instance      |      Module     |   min   |   max   |    min    |    max    | min | max |                     Type                    |
        +--------------------+-----------------+---------+---------+-----------+-----------+-----+-----+---------------------------------------------+
        |dense_large_1_U0    |dense_large_1    |        6|        7| 30.000 ns | 35.000 ns |    4|    4| loop rewind(delay=0 initiation interval(s)) |
        |dense_large_U0      |dense_large      |        3|        4| 15.000 ns | 20.000 ns |    2|    2| loop rewind(delay=0 initiation interval(s)) |
        |relu_U0             |relu             |        0|        0|    0 ns   |    0 ns   |    1|    1|                   function                  |
        |Block_proc_U0       |Block_proc       |        0|        0|    0 ns   |    0 ns   |    0|    0|                     none                    |
        |window_entry3_U0    |window_entry3    |        0|        0|    0 ns   |    0 ns   |    0|    0|                     none                    |
        |window_entry222_U0  |window_entry222  |        0|        0|    0 ns   |    0 ns   |    0|    0|                     none                    |
        +--------------------+-----------------+---------+---------+-----------+-----------+-----+-----+---------------------------------------------+

        * Loop: 
        N/A



================================================================
== Utilization Estimates
================================================================
* Summary: 
+---------------------+---------+-------+---------+---------+------+
|         Name        | BRAM_18K| DSP48E|    FF   |   LUT   | URAM |
+---------------------+---------+-------+---------+---------+------+
|DSP                  |        -|      -|        -|        -|     -|
|Expression           |        -|      -|        0|      492|     -|
|FIFO                 |      240|      -|     4920|     6938|     -|
|Instance             |     2610|   7830|    86419|   532845|     -|
|Memory               |        -|      -|        -|        -|     -|
|Multiplexer          |        -|      -|        -|     1080|     -|
|Register             |        -|      -|      122|        -|     -|
+---------------------+---------+-------+---------+---------+------+
|Total                |     2850|   7830|    91461|   541355|     0|
+---------------------+---------+-------+---------+---------+------+
|Available SLR        |     1344|   3072|   864000|   432000|   320|
+---------------------+---------+-------+---------+---------+------+
|Utilization SLR (%)  |      212|    254|       10|      125|     0|
+---------------------+---------+-------+---------+---------+------+
|Available            |     5376|  12288|  3456000|  1728000|  1280|
+---------------------+---------+-------+---------+---------+------+
|Utilization (%)      |       53|     63|        2|       31|     0|
+---------------------+---------+-------+---------+---------+------+

+ Detail: 
    * Instance: 
    +--------------------+-----------------+---------+-------+-------+--------+-----+
    |      Instance      |      Module     | BRAM_18K| DSP48E|   FF  |   LUT  | URAM|
    +--------------------+-----------------+---------+-------+-------+--------+-----+
    |Block_proc_U0       |Block_proc       |        0|      0|      2|      11|    0|
    |dense_large_U0      |dense_large      |     1740|   5220|  51603|   98440|    0|
    |dense_large_1_U0    |dense_large_1    |      870|   2610|  34168|  432393|    0|
    |relu_U0             |relu             |        0|      0|    640|    1925|    0|
    |window_entry222_U0  |window_entry222  |        0|      0|      3|      38|    0|
    |window_entry3_U0    |window_entry3    |        0|      0|      3|      38|    0|
    +--------------------+-----------------+---------+-------+-------+--------+-----+
    |Total               |                 |     2610|   7830|  86419|  532845|    0|
    +--------------------+-----------------+---------+-------+-------+--------+-----+

    * DSP48E: 
    N/A

    * Memory: 
    N/A

    * FIFO: 
    +----------------------+---------+------+----+-----+------+------+---------+
    |         Name         | BRAM_18K|  FF  | LUT| URAM| Depth| Bits | Size:D*B|
    +----------------------+---------+------+----+-----+------+------+---------+
    |dense_1_input_V_c1_U  |      120|  2170|   0|    -|     2|  2160|     4320|
    |dense_1_input_V_c_U   |      120|  2170|   0|    -|     2|  2160|     4320|
    |layer2_out_0_V_U      |        0|     5|   0|    -|     2|    12|       24|
    |layer2_out_10_V_U     |        0|     5|   0|    -|     2|    12|       24|
    |layer2_out_11_V_U     |        0|     5|   0|    -|     2|    12|       24|
    |layer2_out_12_V_U     |        0|     5|   0|    -|     2|    12|       24|
    |layer2_out_13_V_U     |        0|     5|   0|    -|     2|    12|       24|
    |layer2_out_14_V_U     |        0|     5|   0|    -|     2|    12|       24|
    |layer2_out_15_V_U     |        0|     5|   0|    -|     2|    12|       24|
    |layer2_out_16_V_U     |        0|     5|   0|    -|     2|    12|       24|
    |layer2_out_17_V_U     |        0|     5|   0|    -|     2|    12|       24|
    |layer2_out_18_V_U     |        0|     5|   0|    -|     2|    12|       24|
    |layer2_out_19_V_U     |        0|     5|   0|    -|     2|    12|       24|
    |layer2_out_1_V_U      |        0|     5|   0|    -|     2|    12|       24|
    |layer2_out_20_V_U     |        0|     5|   0|    -|     2|    12|       24|
    |layer2_out_21_V_U     |        0|     5|   0|    -|     2|    12|       24|
    |layer2_out_22_V_U     |        0|     5|   0|    -|     2|    12|       24|
    |layer2_out_23_V_U     |        0|     5|   0|    -|     2|    12|       24|
    |layer2_out_24_V_U     |        0|     5|   0|    -|     2|    12|       24|
    |layer2_out_25_V_U     |        0|     5|   0|    -|     2|    12|       24|
    |layer2_out_26_V_U     |        0|     5|   0|    -|     2|    12|       24|
    |layer2_out_27_V_U     |        0|     5|   0|    -|     2|    12|       24|
    |layer2_out_28_V_U     |        0|     5|   0|    -|     2|    12|       24|
    |layer2_out_29_V_U     |        0|     5|   0|    -|     2|    12|       24|
    |layer2_out_2_V_U      |        0|     5|   0|    -|     2|    12|       24|
    |layer2_out_30_V_U     |        0|     5|   0|    -|     2|    12|       24|
    |layer2_out_31_V_U     |        0|     5|   0|    -|     2|    12|       24|
    |layer2_out_32_V_U     |        0|     5|   0|    -|     2|    12|       24|
    |layer2_out_33_V_U     |        0|     5|   0|    -|     2|    12|       24|
    |layer2_out_34_V_U     |        0|     5|   0|    -|     2|    12|       24|
    |layer2_out_35_V_U     |        0|     5|   0|    -|     2|    12|       24|
    |layer2_out_36_V_U     |        0|     5|   0|    -|     2|    12|       24|
    |layer2_out_37_V_U     |        0|     5|   0|    -|     2|    12|       24|
    |layer2_out_38_V_U     |        0|     5|   0|    -|     2|    12|       24|
    |layer2_out_39_V_U     |        0|     5|   0|    -|     2|    12|       24|
    |layer2_out_3_V_U      |        0|     5|   0|    -|     2|    12|       24|
    |layer2_out_40_V_U     |        0|     5|   0|    -|     2|    12|       24|
    |layer2_out_41_V_U     |        0|     5|   0|    -|     2|    12|       24|
    |layer2_out_42_V_U     |        0|     5|   0|    -|     2|    12|       24|
    |layer2_out_43_V_U     |        0|     5|   0|    -|     2|    12|       24|
    |layer2_out_44_V_U     |        0|     5|   0|    -|     2|    12|       24|
    |layer2_out_45_V_U     |        0|     5|   0|    -|     2|    12|       24|
    |layer2_out_46_V_U     |        0|     5|   0|    -|     2|    12|       24|
    |layer2_out_47_V_U     |        0|     5|   0|    -|     2|    12|       24|
    |layer2_out_48_V_U     |        0|     5|   0|    -|     2|    12|       24|
    |layer2_out_49_V_U     |        0|     5|   0|    -|     2|    12|       24|
    |layer2_out_4_V_U      |        0|     5|   0|    -|     2|    12|       24|
    |layer2_out_50_V_U     |        0|     5|   0|    -|     2|    12|       24|
    |layer2_out_51_V_U     |        0|     5|   0|    -|     2|    12|       24|
    |layer2_out_52_V_U     |        0|     5|   0|    -|     2|    12|       24|
    |layer2_out_53_V_U     |        0|     5|   0|    -|     2|    12|       24|
    |layer2_out_54_V_U     |        0|     5|   0|    -|     2|    12|       24|
    |layer2_out_55_V_U     |        0|     5|   0|    -|     2|    12|       24|
    |layer2_out_56_V_U     |        0|     5|   0|    -|     2|    12|       24|
    |layer2_out_57_V_U     |        0|     5|   0|    -|     2|    12|       24|
    |layer2_out_5_V_U      |        0|     5|   0|    -|     2|    12|       24|
    |layer2_out_6_V_U      |        0|     5|   0|    -|     2|    12|       24|
    |layer2_out_7_V_U      |        0|     5|   0|    -|     2|    12|       24|
    |layer2_out_8_V_U      |        0|     5|   0|    -|     2|    12|       24|
    |layer2_out_9_V_U      |        0|     5|   0|    -|     2|    12|       24|
    |layer4_out_0_V_U      |        0|     5|   0|    -|     2|    11|       22|
    |layer4_out_10_V_U     |        0|     5|   0|    -|     2|    11|       22|
    |layer4_out_11_V_U     |        0|     5|   0|    -|     2|    11|       22|
    |layer4_out_12_V_U     |        0|     5|   0|    -|     2|    11|       22|
    |layer4_out_13_V_U     |        0|     5|   0|    -|     2|    11|       22|
    |layer4_out_14_V_U     |        0|     5|   0|    -|     2|    11|       22|
    |layer4_out_15_V_U     |        0|     5|   0|    -|     2|    11|       22|
    |layer4_out_16_V_U     |        0|     5|   0|    -|     2|    11|       22|
    |layer4_out_17_V_U     |        0|     5|   0|    -|     2|    11|       22|
    |layer4_out_18_V_U     |        0|     5|   0|    -|     2|    11|       22|
    |layer4_out_19_V_U     |        0|     5|   0|    -|     2|    11|       22|
    |layer4_out_1_V_U      |        0|     5|   0|    -|     2|    11|       22|
    |layer4_out_20_V_U     |        0|     5|   0|    -|     2|    11|       22|
    |layer4_out_21_V_U     |        0|     5|   0|    -|     2|    11|       22|
    |layer4_out_22_V_U     |        0|     5|   0|    -|     2|    11|       22|
    |layer4_out_23_V_U     |        0|     5|   0|    -|     2|    11|       22|
    |layer4_out_24_V_U     |        0|     5|   0|    -|     2|    11|       22|
    |layer4_out_25_V_U     |        0|     5|   0|    -|     2|    11|       22|
    |layer4_out_26_V_U     |        0|     5|   0|    -|     2|    11|       22|
    |layer4_out_27_V_U     |        0|     5|   0|    -|     2|    11|       22|
    |layer4_out_28_V_U     |        0|     5|   0|    -|     2|    11|       22|
    |layer4_out_29_V_U     |        0|     5|   0|    -|     2|    11|       22|
    |layer4_out_2_V_U      |        0|     5|   0|    -|     2|    11|       22|
    |layer4_out_30_V_U     |        0|     5|   0|    -|     2|    11|       22|
    |layer4_out_31_V_U     |        0|     5|   0|    -|     2|    11|       22|
    |layer4_out_32_V_U     |        0|     5|   0|    -|     2|    11|       22|
    |layer4_out_33_V_U     |        0|     5|   0|    -|     2|    11|       22|
    |layer4_out_34_V_U     |        0|     5|   0|    -|     2|    11|       22|
    |layer4_out_35_V_U     |        0|     5|   0|    -|     2|    11|       22|
    |layer4_out_36_V_U     |        0|     5|   0|    -|     2|    11|       22|
    |layer4_out_37_V_U     |        0|     5|   0|    -|     2|    11|       22|
    |layer4_out_38_V_U     |        0|     5|   0|    -|     2|    11|       22|
    |layer4_out_39_V_U     |        0|     5|   0|    -|     2|    11|       22|
    |layer4_out_3_V_U      |        0|     5|   0|    -|     2|    11|       22|
    |layer4_out_40_V_U     |        0|     5|   0|    -|     2|    11|       22|
    |layer4_out_41_V_U     |        0|     5|   0|    -|     2|    11|       22|
    |layer4_out_42_V_U     |        0|     5|   0|    -|     2|    11|       22|
    |layer4_out_43_V_U     |        0|     5|   0|    -|     2|    11|       22|
    |layer4_out_44_V_U     |        0|     5|   0|    -|     2|    11|       22|
    |layer4_out_45_V_U     |        0|     5|   0|    -|     2|    11|       22|
    |layer4_out_46_V_U     |        0|     5|   0|    -|     2|    11|       22|
    |layer4_out_47_V_U     |        0|     5|   0|    -|     2|    11|       22|
    |layer4_out_48_V_U     |        0|     5|   0|    -|     2|    11|       22|
    |layer4_out_49_V_U     |        0|     5|   0|    -|     2|    11|       22|
    |layer4_out_4_V_U      |        0|     5|   0|    -|     2|    11|       22|
    |layer4_out_50_V_U     |        0|     5|   0|    -|     2|    11|       22|
    |layer4_out_51_V_U     |        0|     5|   0|    -|     2|    11|       22|
    |layer4_out_52_V_U     |        0|     5|   0|    -|     2|    11|       22|
    |layer4_out_53_V_U     |        0|     5|   0|    -|     2|    11|       22|
    |layer4_out_54_V_U     |        0|     5|   0|    -|     2|    11|       22|
    |layer4_out_55_V_U     |        0|     5|   0|    -|     2|    11|       22|
    |layer4_out_56_V_U     |        0|     5|   0|    -|     2|    11|       22|
    |layer4_out_57_V_U     |        0|     5|   0|    -|     2|    11|       22|
    |layer4_out_5_V_U      |        0|     5|   0|    -|     2|    11|       22|
    |layer4_out_6_V_U      |        0|     5|   0|    -|     2|    11|       22|
    |layer4_out_7_V_U      |        0|     5|   0|    -|     2|    11|       22|
    |layer4_out_8_V_U      |        0|     5|   0|    -|     2|    11|       22|
    |layer4_out_9_V_U      |        0|     5|   0|    -|     2|    11|       22|
    +----------------------+---------+------+----+-----+------+------+---------+
    |Total                 |      240|  4920|   0|    0|   236|  5654|    11308|
    +----------------------+---------+------+----+-----+------+------+---------+

    * Expression: 
    +---------------------------------------+----------+-------+---+----+------------+------------+
    |             Variable Name             | Operation| DSP48E| FF| LUT| Bitwidth P0| Bitwidth P1|
    +---------------------------------------+----------+-------+---+----+------------+------------+
    |Block_proc_U0_ap_ready_count           |     +    |      0|  0|   3|           2|           1|
    |window_entry3_U0_ap_ready_count        |     +    |      0|  0|   3|           2|           1|
    |Block_proc_U0_ap_start                 |    and   |      0|  0|   2|           1|           1|
    |ap_channel_done_layer2_out_0_V         |    and   |      0|  0|   2|           1|           1|
    |ap_channel_done_layer2_out_10_V        |    and   |      0|  0|   2|           1|           1|
    |ap_channel_done_layer2_out_11_V        |    and   |      0|  0|   2|           1|           1|
    |ap_channel_done_layer2_out_12_V        |    and   |      0|  0|   2|           1|           1|
    |ap_channel_done_layer2_out_13_V        |    and   |      0|  0|   2|           1|           1|
    |ap_channel_done_layer2_out_14_V        |    and   |      0|  0|   2|           1|           1|
    |ap_channel_done_layer2_out_15_V        |    and   |      0|  0|   2|           1|           1|
    |ap_channel_done_layer2_out_16_V        |    and   |      0|  0|   2|           1|           1|
    |ap_channel_done_layer2_out_17_V        |    and   |      0|  0|   2|           1|           1|
    |ap_channel_done_layer2_out_18_V        |    and   |      0|  0|   2|           1|           1|
    |ap_channel_done_layer2_out_19_V        |    and   |      0|  0|   2|           1|           1|
    |ap_channel_done_layer2_out_1_V         |    and   |      0|  0|   2|           1|           1|
    |ap_channel_done_layer2_out_20_V        |    and   |      0|  0|   2|           1|           1|
    |ap_channel_done_layer2_out_21_V        |    and   |      0|  0|   2|           1|           1|
    |ap_channel_done_layer2_out_22_V        |    and   |      0|  0|   2|           1|           1|
    |ap_channel_done_layer2_out_23_V        |    and   |      0|  0|   2|           1|           1|
    |ap_channel_done_layer2_out_24_V        |    and   |      0|  0|   2|           1|           1|
    |ap_channel_done_layer2_out_25_V        |    and   |      0|  0|   2|           1|           1|
    |ap_channel_done_layer2_out_26_V        |    and   |      0|  0|   2|           1|           1|
    |ap_channel_done_layer2_out_27_V        |    and   |      0|  0|   2|           1|           1|
    |ap_channel_done_layer2_out_28_V        |    and   |      0|  0|   2|           1|           1|
    |ap_channel_done_layer2_out_29_V        |    and   |      0|  0|   2|           1|           1|
    |ap_channel_done_layer2_out_2_V         |    and   |      0|  0|   2|           1|           1|
    |ap_channel_done_layer2_out_30_V        |    and   |      0|  0|   2|           1|           1|
    |ap_channel_done_layer2_out_31_V        |    and   |      0|  0|   2|           1|           1|
    |ap_channel_done_layer2_out_32_V        |    and   |      0|  0|   2|           1|           1|
    |ap_channel_done_layer2_out_33_V        |    and   |      0|  0|   2|           1|           1|
    |ap_channel_done_layer2_out_34_V        |    and   |      0|  0|   2|           1|           1|
    |ap_channel_done_layer2_out_35_V        |    and   |      0|  0|   2|           1|           1|
    |ap_channel_done_layer2_out_36_V        |    and   |      0|  0|   2|           1|           1|
    |ap_channel_done_layer2_out_37_V        |    and   |      0|  0|   2|           1|           1|
    |ap_channel_done_layer2_out_38_V        |    and   |      0|  0|   2|           1|           1|
    |ap_channel_done_layer2_out_39_V        |    and   |      0|  0|   2|           1|           1|
    |ap_channel_done_layer2_out_3_V         |    and   |      0|  0|   2|           1|           1|
    |ap_channel_done_layer2_out_40_V        |    and   |      0|  0|   2|           1|           1|
    |ap_channel_done_layer2_out_41_V        |    and   |      0|  0|   2|           1|           1|
    |ap_channel_done_layer2_out_42_V        |    and   |      0|  0|   2|           1|           1|
    |ap_channel_done_layer2_out_43_V        |    and   |      0|  0|   2|           1|           1|
    |ap_channel_done_layer2_out_44_V        |    and   |      0|  0|   2|           1|           1|
    |ap_channel_done_layer2_out_45_V        |    and   |      0|  0|   2|           1|           1|
    |ap_channel_done_layer2_out_46_V        |    and   |      0|  0|   2|           1|           1|
    |ap_channel_done_layer2_out_47_V        |    and   |      0|  0|   2|           1|           1|
    |ap_channel_done_layer2_out_48_V        |    and   |      0|  0|   2|           1|           1|
    |ap_channel_done_layer2_out_49_V        |    and   |      0|  0|   2|           1|           1|
    |ap_channel_done_layer2_out_4_V         |    and   |      0|  0|   2|           1|           1|
    |ap_channel_done_layer2_out_50_V        |    and   |      0|  0|   2|           1|           1|
    |ap_channel_done_layer2_out_51_V        |    and   |      0|  0|   2|           1|           1|
    |ap_channel_done_layer2_out_52_V        |    and   |      0|  0|   2|           1|           1|
    |ap_channel_done_layer2_out_53_V        |    and   |      0|  0|   2|           1|           1|
    |ap_channel_done_layer2_out_54_V        |    and   |      0|  0|   2|           1|           1|
    |ap_channel_done_layer2_out_55_V        |    and   |      0|  0|   2|           1|           1|
    |ap_channel_done_layer2_out_56_V        |    and   |      0|  0|   2|           1|           1|
    |ap_channel_done_layer2_out_57_V        |    and   |      0|  0|   2|           1|           1|
    |ap_channel_done_layer2_out_5_V         |    and   |      0|  0|   2|           1|           1|
    |ap_channel_done_layer2_out_6_V         |    and   |      0|  0|   2|           1|           1|
    |ap_channel_done_layer2_out_7_V         |    and   |      0|  0|   2|           1|           1|
    |ap_channel_done_layer2_out_8_V         |    and   |      0|  0|   2|           1|           1|
    |ap_channel_done_layer2_out_9_V         |    and   |      0|  0|   2|           1|           1|
    |ap_channel_done_layer4_out_0_V         |    and   |      0|  0|   2|           1|           1|
    |ap_channel_done_layer4_out_10_V        |    and   |      0|  0|   2|           1|           1|
    |ap_channel_done_layer4_out_11_V        |    and   |      0|  0|   2|           1|           1|
    |ap_channel_done_layer4_out_12_V        |    and   |      0|  0|   2|           1|           1|
    |ap_channel_done_layer4_out_13_V        |    and   |      0|  0|   2|           1|           1|
    |ap_channel_done_layer4_out_14_V        |    and   |      0|  0|   2|           1|           1|
    |ap_channel_done_layer4_out_15_V        |    and   |      0|  0|   2|           1|           1|
    |ap_channel_done_layer4_out_16_V        |    and   |      0|  0|   2|           1|           1|
    |ap_channel_done_layer4_out_17_V        |    and   |      0|  0|   2|           1|           1|
    |ap_channel_done_layer4_out_18_V        |    and   |      0|  0|   2|           1|           1|
    |ap_channel_done_layer4_out_19_V        |    and   |      0|  0|   2|           1|           1|
    |ap_channel_done_layer4_out_1_V         |    and   |      0|  0|   2|           1|           1|
    |ap_channel_done_layer4_out_20_V        |    and   |      0|  0|   2|           1|           1|
    |ap_channel_done_layer4_out_21_V        |    and   |      0|  0|   2|           1|           1|
    |ap_channel_done_layer4_out_22_V        |    and   |      0|  0|   2|           1|           1|
    |ap_channel_done_layer4_out_23_V        |    and   |      0|  0|   2|           1|           1|
    |ap_channel_done_layer4_out_24_V        |    and   |      0|  0|   2|           1|           1|
    |ap_channel_done_layer4_out_25_V        |    and   |      0|  0|   2|           1|           1|
    |ap_channel_done_layer4_out_26_V        |    and   |      0|  0|   2|           1|           1|
    |ap_channel_done_layer4_out_27_V        |    and   |      0|  0|   2|           1|           1|
    |ap_channel_done_layer4_out_28_V        |    and   |      0|  0|   2|           1|           1|
    |ap_channel_done_layer4_out_29_V        |    and   |      0|  0|   2|           1|           1|
    |ap_channel_done_layer4_out_2_V         |    and   |      0|  0|   2|           1|           1|
    |ap_channel_done_layer4_out_30_V        |    and   |      0|  0|   2|           1|           1|
    |ap_channel_done_layer4_out_31_V        |    and   |      0|  0|   2|           1|           1|
    |ap_channel_done_layer4_out_32_V        |    and   |      0|  0|   2|           1|           1|
    |ap_channel_done_layer4_out_33_V        |    and   |      0|  0|   2|           1|           1|
    |ap_channel_done_layer4_out_34_V        |    and   |      0|  0|   2|           1|           1|
    |ap_channel_done_layer4_out_35_V        |    and   |      0|  0|   2|           1|           1|
    |ap_channel_done_layer4_out_36_V        |    and   |      0|  0|   2|           1|           1|
    |ap_channel_done_layer4_out_37_V        |    and   |      0|  0|   2|           1|           1|
    |ap_channel_done_layer4_out_38_V        |    and   |      0|  0|   2|           1|           1|
    |ap_channel_done_layer4_out_39_V        |    and   |      0|  0|   2|           1|           1|
    |ap_channel_done_layer4_out_3_V         |    and   |      0|  0|   2|           1|           1|
    |ap_channel_done_layer4_out_40_V        |    and   |      0|  0|   2|           1|           1|
    |ap_channel_done_layer4_out_41_V        |    and   |      0|  0|   2|           1|           1|
    |ap_channel_done_layer4_out_42_V        |    and   |      0|  0|   2|           1|           1|
    |ap_channel_done_layer4_out_43_V        |    and   |      0|  0|   2|           1|           1|
    |ap_channel_done_layer4_out_44_V        |    and   |      0|  0|   2|           1|           1|
    |ap_channel_done_layer4_out_45_V        |    and   |      0|  0|   2|           1|           1|
    |ap_channel_done_layer4_out_46_V        |    and   |      0|  0|   2|           1|           1|
    |ap_channel_done_layer4_out_47_V        |    and   |      0|  0|   2|           1|           1|
    |ap_channel_done_layer4_out_48_V        |    and   |      0|  0|   2|           1|           1|
    |ap_channel_done_layer4_out_49_V        |    and   |      0|  0|   2|           1|           1|
    |ap_channel_done_layer4_out_4_V         |    and   |      0|  0|   2|           1|           1|
    |ap_channel_done_layer4_out_50_V        |    and   |      0|  0|   2|           1|           1|
    |ap_channel_done_layer4_out_51_V        |    and   |      0|  0|   2|           1|           1|
    |ap_channel_done_layer4_out_52_V        |    and   |      0|  0|   2|           1|           1|
    |ap_channel_done_layer4_out_53_V        |    and   |      0|  0|   2|           1|           1|
    |ap_channel_done_layer4_out_54_V        |    and   |      0|  0|   2|           1|           1|
    |ap_channel_done_layer4_out_55_V        |    and   |      0|  0|   2|           1|           1|
    |ap_channel_done_layer4_out_56_V        |    and   |      0|  0|   2|           1|           1|
    |ap_channel_done_layer4_out_57_V        |    and   |      0|  0|   2|           1|           1|
    |ap_channel_done_layer4_out_5_V         |    and   |      0|  0|   2|           1|           1|
    |ap_channel_done_layer4_out_6_V         |    and   |      0|  0|   2|           1|           1|
    |ap_channel_done_layer4_out_7_V         |    and   |      0|  0|   2|           1|           1|
    |ap_channel_done_layer4_out_8_V         |    and   |      0|  0|   2|           1|           1|
    |ap_channel_done_layer4_out_9_V         |    and   |      0|  0|   2|           1|           1|
    |ap_idle                                |    and   |      0|  0|   2|           1|           1|
    |ap_sync_done                           |    and   |      0|  0|   2|           1|           1|
    |ap_sync_ready                          |    and   |      0|  0|   2|           1|           1|
    |dense_large_1_U0_ap_continue           |    and   |      0|  0|   2|           1|           1|
    |dense_large_U0_ap_start                |    and   |      0|  0|   2|           1|           1|
    |relu_U0_ap_continue                    |    and   |      0|  0|   2|           1|           1|
    |relu_U0_ap_start                       |    and   |      0|  0|   2|           1|           1|
    |window_entry3_U0_ap_start              |    and   |      0|  0|   2|           1|           1|
    |ap_sync_Block_proc_U0_ap_ready         |    or    |      0|  0|   2|           1|           1|
    |ap_sync_channel_write_layer2_out_0_V   |    or    |      0|  0|   2|           1|           1|
    |ap_sync_channel_write_layer2_out_10_V  |    or    |      0|  0|   2|           1|           1|
    |ap_sync_channel_write_layer2_out_11_V  |    or    |      0|  0|   2|           1|           1|
    |ap_sync_channel_write_layer2_out_12_V  |    or    |      0|  0|   2|           1|           1|
    |ap_sync_channel_write_layer2_out_13_V  |    or    |      0|  0|   2|           1|           1|
    |ap_sync_channel_write_layer2_out_14_V  |    or    |      0|  0|   2|           1|           1|
    |ap_sync_channel_write_layer2_out_15_V  |    or    |      0|  0|   2|           1|           1|
    |ap_sync_channel_write_layer2_out_16_V  |    or    |      0|  0|   2|           1|           1|
    |ap_sync_channel_write_layer2_out_17_V  |    or    |      0|  0|   2|           1|           1|
    |ap_sync_channel_write_layer2_out_18_V  |    or    |      0|  0|   2|           1|           1|
    |ap_sync_channel_write_layer2_out_19_V  |    or    |      0|  0|   2|           1|           1|
    |ap_sync_channel_write_layer2_out_1_V   |    or    |      0|  0|   2|           1|           1|
    |ap_sync_channel_write_layer2_out_20_V  |    or    |      0|  0|   2|           1|           1|
    |ap_sync_channel_write_layer2_out_21_V  |    or    |      0|  0|   2|           1|           1|
    |ap_sync_channel_write_layer2_out_22_V  |    or    |      0|  0|   2|           1|           1|
    |ap_sync_channel_write_layer2_out_23_V  |    or    |      0|  0|   2|           1|           1|
    |ap_sync_channel_write_layer2_out_24_V  |    or    |      0|  0|   2|           1|           1|
    |ap_sync_channel_write_layer2_out_25_V  |    or    |      0|  0|   2|           1|           1|
    |ap_sync_channel_write_layer2_out_26_V  |    or    |      0|  0|   2|           1|           1|
    |ap_sync_channel_write_layer2_out_27_V  |    or    |      0|  0|   2|           1|           1|
    |ap_sync_channel_write_layer2_out_28_V  |    or    |      0|  0|   2|           1|           1|
    |ap_sync_channel_write_layer2_out_29_V  |    or    |      0|  0|   2|           1|           1|
    |ap_sync_channel_write_layer2_out_2_V   |    or    |      0|  0|   2|           1|           1|
    |ap_sync_channel_write_layer2_out_30_V  |    or    |      0|  0|   2|           1|           1|
    |ap_sync_channel_write_layer2_out_31_V  |    or    |      0|  0|   2|           1|           1|
    |ap_sync_channel_write_layer2_out_32_V  |    or    |      0|  0|   2|           1|           1|
    |ap_sync_channel_write_layer2_out_33_V  |    or    |      0|  0|   2|           1|           1|
    |ap_sync_channel_write_layer2_out_34_V  |    or    |      0|  0|   2|           1|           1|
    |ap_sync_channel_write_layer2_out_35_V  |    or    |      0|  0|   2|           1|           1|
    |ap_sync_channel_write_layer2_out_36_V  |    or    |      0|  0|   2|           1|           1|
    |ap_sync_channel_write_layer2_out_37_V  |    or    |      0|  0|   2|           1|           1|
    |ap_sync_channel_write_layer2_out_38_V  |    or    |      0|  0|   2|           1|           1|
    |ap_sync_channel_write_layer2_out_39_V  |    or    |      0|  0|   2|           1|           1|
    |ap_sync_channel_write_layer2_out_3_V   |    or    |      0|  0|   2|           1|           1|
    |ap_sync_channel_write_layer2_out_40_V  |    or    |      0|  0|   2|           1|           1|
    |ap_sync_channel_write_layer2_out_41_V  |    or    |      0|  0|   2|           1|           1|
    |ap_sync_channel_write_layer2_out_42_V  |    or    |      0|  0|   2|           1|           1|
    |ap_sync_channel_write_layer2_out_43_V  |    or    |      0|  0|   2|           1|           1|
    |ap_sync_channel_write_layer2_out_44_V  |    or    |      0|  0|   2|           1|           1|
    |ap_sync_channel_write_layer2_out_45_V  |    or    |      0|  0|   2|           1|           1|
    |ap_sync_channel_write_layer2_out_46_V  |    or    |      0|  0|   2|           1|           1|
    |ap_sync_channel_write_layer2_out_47_V  |    or    |      0|  0|   2|           1|           1|
    |ap_sync_channel_write_layer2_out_48_V  |    or    |      0|  0|   2|           1|           1|
    |ap_sync_channel_write_layer2_out_49_V  |    or    |      0|  0|   2|           1|           1|
    |ap_sync_channel_write_layer2_out_4_V   |    or    |      0|  0|   2|           1|           1|
    |ap_sync_channel_write_layer2_out_50_V  |    or    |      0|  0|   2|           1|           1|
    |ap_sync_channel_write_layer2_out_51_V  |    or    |      0|  0|   2|           1|           1|
    |ap_sync_channel_write_layer2_out_52_V  |    or    |      0|  0|   2|           1|           1|
    |ap_sync_channel_write_layer2_out_53_V  |    or    |      0|  0|   2|           1|           1|
    |ap_sync_channel_write_layer2_out_54_V  |    or    |      0|  0|   2|           1|           1|
    |ap_sync_channel_write_layer2_out_55_V  |    or    |      0|  0|   2|           1|           1|
    |ap_sync_channel_write_layer2_out_56_V  |    or    |      0|  0|   2|           1|           1|
    |ap_sync_channel_write_layer2_out_57_V  |    or    |      0|  0|   2|           1|           1|
    |ap_sync_channel_write_layer2_out_5_V   |    or    |      0|  0|   2|           1|           1|
    |ap_sync_channel_write_layer2_out_6_V   |    or    |      0|  0|   2|           1|           1|
    |ap_sync_channel_write_layer2_out_7_V   |    or    |      0|  0|   2|           1|           1|
    |ap_sync_channel_write_layer2_out_8_V   |    or    |      0|  0|   2|           1|           1|
    |ap_sync_channel_write_layer2_out_9_V   |    or    |      0|  0|   2|           1|           1|
    |ap_sync_channel_write_layer4_out_0_V   |    or    |      0|  0|   2|           1|           1|
    |ap_sync_channel_write_layer4_out_10_V  |    or    |      0|  0|   2|           1|           1|
    |ap_sync_channel_write_layer4_out_11_V  |    or    |      0|  0|   2|           1|           1|
    |ap_sync_channel_write_layer4_out_12_V  |    or    |      0|  0|   2|           1|           1|
    |ap_sync_channel_write_layer4_out_13_V  |    or    |      0|  0|   2|           1|           1|
    |ap_sync_channel_write_layer4_out_14_V  |    or    |      0|  0|   2|           1|           1|
    |ap_sync_channel_write_layer4_out_15_V  |    or    |      0|  0|   2|           1|           1|
    |ap_sync_channel_write_layer4_out_16_V  |    or    |      0|  0|   2|           1|           1|
    |ap_sync_channel_write_layer4_out_17_V  |    or    |      0|  0|   2|           1|           1|
    |ap_sync_channel_write_layer4_out_18_V  |    or    |      0|  0|   2|           1|           1|
    |ap_sync_channel_write_layer4_out_19_V  |    or    |      0|  0|   2|           1|           1|
    |ap_sync_channel_write_layer4_out_1_V   |    or    |      0|  0|   2|           1|           1|
    |ap_sync_channel_write_layer4_out_20_V  |    or    |      0|  0|   2|           1|           1|
    |ap_sync_channel_write_layer4_out_21_V  |    or    |      0|  0|   2|           1|           1|
    |ap_sync_channel_write_layer4_out_22_V  |    or    |      0|  0|   2|           1|           1|
    |ap_sync_channel_write_layer4_out_23_V  |    or    |      0|  0|   2|           1|           1|
    |ap_sync_channel_write_layer4_out_24_V  |    or    |      0|  0|   2|           1|           1|
    |ap_sync_channel_write_layer4_out_25_V  |    or    |      0|  0|   2|           1|           1|
    |ap_sync_channel_write_layer4_out_26_V  |    or    |      0|  0|   2|           1|           1|
    |ap_sync_channel_write_layer4_out_27_V  |    or    |      0|  0|   2|           1|           1|
    |ap_sync_channel_write_layer4_out_28_V  |    or    |      0|  0|   2|           1|           1|
    |ap_sync_channel_write_layer4_out_29_V  |    or    |      0|  0|   2|           1|           1|
    |ap_sync_channel_write_layer4_out_2_V   |    or    |      0|  0|   2|           1|           1|
    |ap_sync_channel_write_layer4_out_30_V  |    or    |      0|  0|   2|           1|           1|
    |ap_sync_channel_write_layer4_out_31_V  |    or    |      0|  0|   2|           1|           1|
    |ap_sync_channel_write_layer4_out_32_V  |    or    |      0|  0|   2|           1|           1|
    |ap_sync_channel_write_layer4_out_33_V  |    or    |      0|  0|   2|           1|           1|
    |ap_sync_channel_write_layer4_out_34_V  |    or    |      0|  0|   2|           1|           1|
    |ap_sync_channel_write_layer4_out_35_V  |    or    |      0|  0|   2|           1|           1|
    |ap_sync_channel_write_layer4_out_36_V  |    or    |      0|  0|   2|           1|           1|
    |ap_sync_channel_write_layer4_out_37_V  |    or    |      0|  0|   2|           1|           1|
    |ap_sync_channel_write_layer4_out_38_V  |    or    |      0|  0|   2|           1|           1|
    |ap_sync_channel_write_layer4_out_39_V  |    or    |      0|  0|   2|           1|           1|
    |ap_sync_channel_write_layer4_out_3_V   |    or    |      0|  0|   2|           1|           1|
    |ap_sync_channel_write_layer4_out_40_V  |    or    |      0|  0|   2|           1|           1|
    |ap_sync_channel_write_layer4_out_41_V  |    or    |      0|  0|   2|           1|           1|
    |ap_sync_channel_write_layer4_out_42_V  |    or    |      0|  0|   2|           1|           1|
    |ap_sync_channel_write_layer4_out_43_V  |    or    |      0|  0|   2|           1|           1|
    |ap_sync_channel_write_layer4_out_44_V  |    or    |      0|  0|   2|           1|           1|
    |ap_sync_channel_write_layer4_out_45_V  |    or    |      0|  0|   2|           1|           1|
    |ap_sync_channel_write_layer4_out_46_V  |    or    |      0|  0|   2|           1|           1|
    |ap_sync_channel_write_layer4_out_47_V  |    or    |      0|  0|   2|           1|           1|
    |ap_sync_channel_write_layer4_out_48_V  |    or    |      0|  0|   2|           1|           1|
    |ap_sync_channel_write_layer4_out_49_V  |    or    |      0|  0|   2|           1|           1|
    |ap_sync_channel_write_layer4_out_4_V   |    or    |      0|  0|   2|           1|           1|
    |ap_sync_channel_write_layer4_out_50_V  |    or    |      0|  0|   2|           1|           1|
    |ap_sync_channel_write_layer4_out_51_V  |    or    |      0|  0|   2|           1|           1|
    |ap_sync_channel_write_layer4_out_52_V  |    or    |      0|  0|   2|           1|           1|
    |ap_sync_channel_write_layer4_out_53_V  |    or    |      0|  0|   2|           1|           1|
    |ap_sync_channel_write_layer4_out_54_V  |    or    |      0|  0|   2|           1|           1|
    |ap_sync_channel_write_layer4_out_55_V  |    or    |      0|  0|   2|           1|           1|
    |ap_sync_channel_write_layer4_out_56_V  |    or    |      0|  0|   2|           1|           1|
    |ap_sync_channel_write_layer4_out_57_V  |    or    |      0|  0|   2|           1|           1|
    |ap_sync_channel_write_layer4_out_5_V   |    or    |      0|  0|   2|           1|           1|
    |ap_sync_channel_write_layer4_out_6_V   |    or    |      0|  0|   2|           1|           1|
    |ap_sync_channel_write_layer4_out_7_V   |    or    |      0|  0|   2|           1|           1|
    |ap_sync_channel_write_layer4_out_8_V   |    or    |      0|  0|   2|           1|           1|
    |ap_sync_channel_write_layer4_out_9_V   |    or    |      0|  0|   2|           1|           1|
    |ap_sync_window_entry3_U0_ap_ready      |    or    |      0|  0|   2|           1|           1|
    +---------------------------------------+----------+-------+---+----+------------+------------+
    |Total                                  |          |      0|  0| 492|         247|         245|
    +---------------------------------------+----------+-------+---+----+------------+------------+

    * Multiplexer: 
    +-------------------------------------------+----+-----------+-----+-----------+
    |                    Name                   | LUT| Input Size| Bits| Total Bits|
    +-------------------------------------------+----+-----------+-----+-----------+
    |Block_proc_U0_ap_ready_count               |   9|          2|    2|          4|
    |ap_sync_reg_Block_proc_U0_ap_ready         |   9|          2|    1|          2|
    |ap_sync_reg_channel_write_layer2_out_0_V   |   9|          2|    1|          2|
    |ap_sync_reg_channel_write_layer2_out_10_V  |   9|          2|    1|          2|
    |ap_sync_reg_channel_write_layer2_out_11_V  |   9|          2|    1|          2|
    |ap_sync_reg_channel_write_layer2_out_12_V  |   9|          2|    1|          2|
    |ap_sync_reg_channel_write_layer2_out_13_V  |   9|          2|    1|          2|
    |ap_sync_reg_channel_write_layer2_out_14_V  |   9|          2|    1|          2|
    |ap_sync_reg_channel_write_layer2_out_15_V  |   9|          2|    1|          2|
    |ap_sync_reg_channel_write_layer2_out_16_V  |   9|          2|    1|          2|
    |ap_sync_reg_channel_write_layer2_out_17_V  |   9|          2|    1|          2|
    |ap_sync_reg_channel_write_layer2_out_18_V  |   9|          2|    1|          2|
    |ap_sync_reg_channel_write_layer2_out_19_V  |   9|          2|    1|          2|
    |ap_sync_reg_channel_write_layer2_out_1_V   |   9|          2|    1|          2|
    |ap_sync_reg_channel_write_layer2_out_20_V  |   9|          2|    1|          2|
    |ap_sync_reg_channel_write_layer2_out_21_V  |   9|          2|    1|          2|
    |ap_sync_reg_channel_write_layer2_out_22_V  |   9|          2|    1|          2|
    |ap_sync_reg_channel_write_layer2_out_23_V  |   9|          2|    1|          2|
    |ap_sync_reg_channel_write_layer2_out_24_V  |   9|          2|    1|          2|
    |ap_sync_reg_channel_write_layer2_out_25_V  |   9|          2|    1|          2|
    |ap_sync_reg_channel_write_layer2_out_26_V  |   9|          2|    1|          2|
    |ap_sync_reg_channel_write_layer2_out_27_V  |   9|          2|    1|          2|
    |ap_sync_reg_channel_write_layer2_out_28_V  |   9|          2|    1|          2|
    |ap_sync_reg_channel_write_layer2_out_29_V  |   9|          2|    1|          2|
    |ap_sync_reg_channel_write_layer2_out_2_V   |   9|          2|    1|          2|
    |ap_sync_reg_channel_write_layer2_out_30_V  |   9|          2|    1|          2|
    |ap_sync_reg_channel_write_layer2_out_31_V  |   9|          2|    1|          2|
    |ap_sync_reg_channel_write_layer2_out_32_V  |   9|          2|    1|          2|
    |ap_sync_reg_channel_write_layer2_out_33_V  |   9|          2|    1|          2|
    |ap_sync_reg_channel_write_layer2_out_34_V  |   9|          2|    1|          2|
    |ap_sync_reg_channel_write_layer2_out_35_V  |   9|          2|    1|          2|
    |ap_sync_reg_channel_write_layer2_out_36_V  |   9|          2|    1|          2|
    |ap_sync_reg_channel_write_layer2_out_37_V  |   9|          2|    1|          2|
    |ap_sync_reg_channel_write_layer2_out_38_V  |   9|          2|    1|          2|
    |ap_sync_reg_channel_write_layer2_out_39_V  |   9|          2|    1|          2|
    |ap_sync_reg_channel_write_layer2_out_3_V   |   9|          2|    1|          2|
    |ap_sync_reg_channel_write_layer2_out_40_V  |   9|          2|    1|          2|
    |ap_sync_reg_channel_write_layer2_out_41_V  |   9|          2|    1|          2|
    |ap_sync_reg_channel_write_layer2_out_42_V  |   9|          2|    1|          2|
    |ap_sync_reg_channel_write_layer2_out_43_V  |   9|          2|    1|          2|
    |ap_sync_reg_channel_write_layer2_out_44_V  |   9|          2|    1|          2|
    |ap_sync_reg_channel_write_layer2_out_45_V  |   9|          2|    1|          2|
    |ap_sync_reg_channel_write_layer2_out_46_V  |   9|          2|    1|          2|
    |ap_sync_reg_channel_write_layer2_out_47_V  |   9|          2|    1|          2|
    |ap_sync_reg_channel_write_layer2_out_48_V  |   9|          2|    1|          2|
    |ap_sync_reg_channel_write_layer2_out_49_V  |   9|          2|    1|          2|
    |ap_sync_reg_channel_write_layer2_out_4_V   |   9|          2|    1|          2|
    |ap_sync_reg_channel_write_layer2_out_50_V  |   9|          2|    1|          2|
    |ap_sync_reg_channel_write_layer2_out_51_V  |   9|          2|    1|          2|
    |ap_sync_reg_channel_write_layer2_out_52_V  |   9|          2|    1|          2|
    |ap_sync_reg_channel_write_layer2_out_53_V  |   9|          2|    1|          2|
    |ap_sync_reg_channel_write_layer2_out_54_V  |   9|          2|    1|          2|
    |ap_sync_reg_channel_write_layer2_out_55_V  |   9|          2|    1|          2|
    |ap_sync_reg_channel_write_layer2_out_56_V  |   9|          2|    1|          2|
    |ap_sync_reg_channel_write_layer2_out_57_V  |   9|          2|    1|          2|
    |ap_sync_reg_channel_write_layer2_out_5_V   |   9|          2|    1|          2|
    |ap_sync_reg_channel_write_layer2_out_6_V   |   9|          2|    1|          2|
    |ap_sync_reg_channel_write_layer2_out_7_V   |   9|          2|    1|          2|
    |ap_sync_reg_channel_write_layer2_out_8_V   |   9|          2|    1|          2|
    |ap_sync_reg_channel_write_layer2_out_9_V   |   9|          2|    1|          2|
    |ap_sync_reg_channel_write_layer4_out_0_V   |   9|          2|    1|          2|
    |ap_sync_reg_channel_write_layer4_out_10_V  |   9|          2|    1|          2|
    |ap_sync_reg_channel_write_layer4_out_11_V  |   9|          2|    1|          2|
    |ap_sync_reg_channel_write_layer4_out_12_V  |   9|          2|    1|          2|
    |ap_sync_reg_channel_write_layer4_out_13_V  |   9|          2|    1|          2|
    |ap_sync_reg_channel_write_layer4_out_14_V  |   9|          2|    1|          2|
    |ap_sync_reg_channel_write_layer4_out_15_V  |   9|          2|    1|          2|
    |ap_sync_reg_channel_write_layer4_out_16_V  |   9|          2|    1|          2|
    |ap_sync_reg_channel_write_layer4_out_17_V  |   9|          2|    1|          2|
    |ap_sync_reg_channel_write_layer4_out_18_V  |   9|          2|    1|          2|
    |ap_sync_reg_channel_write_layer4_out_19_V  |   9|          2|    1|          2|
    |ap_sync_reg_channel_write_layer4_out_1_V   |   9|          2|    1|          2|
    |ap_sync_reg_channel_write_layer4_out_20_V  |   9|          2|    1|          2|
    |ap_sync_reg_channel_write_layer4_out_21_V  |   9|          2|    1|          2|
    |ap_sync_reg_channel_write_layer4_out_22_V  |   9|          2|    1|          2|
    |ap_sync_reg_channel_write_layer4_out_23_V  |   9|          2|    1|          2|
    |ap_sync_reg_channel_write_layer4_out_24_V  |   9|          2|    1|          2|
    |ap_sync_reg_channel_write_layer4_out_25_V  |   9|          2|    1|          2|
    |ap_sync_reg_channel_write_layer4_out_26_V  |   9|          2|    1|          2|
    |ap_sync_reg_channel_write_layer4_out_27_V  |   9|          2|    1|          2|
    |ap_sync_reg_channel_write_layer4_out_28_V  |   9|          2|    1|          2|
    |ap_sync_reg_channel_write_layer4_out_29_V  |   9|          2|    1|          2|
    |ap_sync_reg_channel_write_layer4_out_2_V   |   9|          2|    1|          2|
    |ap_sync_reg_channel_write_layer4_out_30_V  |   9|          2|    1|          2|
    |ap_sync_reg_channel_write_layer4_out_31_V  |   9|          2|    1|          2|
    |ap_sync_reg_channel_write_layer4_out_32_V  |   9|          2|    1|          2|
    |ap_sync_reg_channel_write_layer4_out_33_V  |   9|          2|    1|          2|
    |ap_sync_reg_channel_write_layer4_out_34_V  |   9|          2|    1|          2|
    |ap_sync_reg_channel_write_layer4_out_35_V  |   9|          2|    1|          2|
    |ap_sync_reg_channel_write_layer4_out_36_V  |   9|          2|    1|          2|
    |ap_sync_reg_channel_write_layer4_out_37_V  |   9|          2|    1|          2|
    |ap_sync_reg_channel_write_layer4_out_38_V  |   9|          2|    1|          2|
    |ap_sync_reg_channel_write_layer4_out_39_V  |   9|          2|    1|          2|
    |ap_sync_reg_channel_write_layer4_out_3_V   |   9|          2|    1|          2|
    |ap_sync_reg_channel_write_layer4_out_40_V  |   9|          2|    1|          2|
    |ap_sync_reg_channel_write_layer4_out_41_V  |   9|          2|    1|          2|
    |ap_sync_reg_channel_write_layer4_out_42_V  |   9|          2|    1|          2|
    |ap_sync_reg_channel_write_layer4_out_43_V  |   9|          2|    1|          2|
    |ap_sync_reg_channel_write_layer4_out_44_V  |   9|          2|    1|          2|
    |ap_sync_reg_channel_write_layer4_out_45_V  |   9|          2|    1|          2|
    |ap_sync_reg_channel_write_layer4_out_46_V  |   9|          2|    1|          2|
    |ap_sync_reg_channel_write_layer4_out_47_V  |   9|          2|    1|          2|
    |ap_sync_reg_channel_write_layer4_out_48_V  |   9|          2|    1|          2|
    |ap_sync_reg_channel_write_layer4_out_49_V  |   9|          2|    1|          2|
    |ap_sync_reg_channel_write_layer4_out_4_V   |   9|          2|    1|          2|
    |ap_sync_reg_channel_write_layer4_out_50_V  |   9|          2|    1|          2|
    |ap_sync_reg_channel_write_layer4_out_51_V  |   9|          2|    1|          2|
    |ap_sync_reg_channel_write_layer4_out_52_V  |   9|          2|    1|          2|
    |ap_sync_reg_channel_write_layer4_out_53_V  |   9|          2|    1|          2|
    |ap_sync_reg_channel_write_layer4_out_54_V  |   9|          2|    1|          2|
    |ap_sync_reg_channel_write_layer4_out_55_V  |   9|          2|    1|          2|
    |ap_sync_reg_channel_write_layer4_out_56_V  |   9|          2|    1|          2|
    |ap_sync_reg_channel_write_layer4_out_57_V  |   9|          2|    1|          2|
    |ap_sync_reg_channel_write_layer4_out_5_V   |   9|          2|    1|          2|
    |ap_sync_reg_channel_write_layer4_out_6_V   |   9|          2|    1|          2|
    |ap_sync_reg_channel_write_layer4_out_7_V   |   9|          2|    1|          2|
    |ap_sync_reg_channel_write_layer4_out_8_V   |   9|          2|    1|          2|
    |ap_sync_reg_channel_write_layer4_out_9_V   |   9|          2|    1|          2|
    |ap_sync_reg_window_entry3_U0_ap_ready      |   9|          2|    1|          2|
    |window_entry3_U0_ap_ready_count            |   9|          2|    2|          4|
    +-------------------------------------------+----+-----------+-----+-----------+
    |Total                                      |1080|        240|  122|        244|
    +-------------------------------------------+----+-----------+-----+-----------+

    * Register: 
    +-------------------------------------------+---+----+-----+-----------+
    |                    Name                   | FF| LUT| Bits| Const Bits|
    +-------------------------------------------+---+----+-----+-----------+
    |Block_proc_U0_ap_ready_count               |  2|   0|    2|          0|
    |ap_sync_reg_Block_proc_U0_ap_ready         |  1|   0|    1|          0|
    |ap_sync_reg_channel_write_layer2_out_0_V   |  1|   0|    1|          0|
    |ap_sync_reg_channel_write_layer2_out_10_V  |  1|   0|    1|          0|
    |ap_sync_reg_channel_write_layer2_out_11_V  |  1|   0|    1|          0|
    |ap_sync_reg_channel_write_layer2_out_12_V  |  1|   0|    1|          0|
    |ap_sync_reg_channel_write_layer2_out_13_V  |  1|   0|    1|          0|
    |ap_sync_reg_channel_write_layer2_out_14_V  |  1|   0|    1|          0|
    |ap_sync_reg_channel_write_layer2_out_15_V  |  1|   0|    1|          0|
    |ap_sync_reg_channel_write_layer2_out_16_V  |  1|   0|    1|          0|
    |ap_sync_reg_channel_write_layer2_out_17_V  |  1|   0|    1|          0|
    |ap_sync_reg_channel_write_layer2_out_18_V  |  1|   0|    1|          0|
    |ap_sync_reg_channel_write_layer2_out_19_V  |  1|   0|    1|          0|
    |ap_sync_reg_channel_write_layer2_out_1_V   |  1|   0|    1|          0|
    |ap_sync_reg_channel_write_layer2_out_20_V  |  1|   0|    1|          0|
    |ap_sync_reg_channel_write_layer2_out_21_V  |  1|   0|    1|          0|
    |ap_sync_reg_channel_write_layer2_out_22_V  |  1|   0|    1|          0|
    |ap_sync_reg_channel_write_layer2_out_23_V  |  1|   0|    1|          0|
    |ap_sync_reg_channel_write_layer2_out_24_V  |  1|   0|    1|          0|
    |ap_sync_reg_channel_write_layer2_out_25_V  |  1|   0|    1|          0|
    |ap_sync_reg_channel_write_layer2_out_26_V  |  1|   0|    1|          0|
    |ap_sync_reg_channel_write_layer2_out_27_V  |  1|   0|    1|          0|
    |ap_sync_reg_channel_write_layer2_out_28_V  |  1|   0|    1|          0|
    |ap_sync_reg_channel_write_layer2_out_29_V  |  1|   0|    1|          0|
    |ap_sync_reg_channel_write_layer2_out_2_V   |  1|   0|    1|          0|
    |ap_sync_reg_channel_write_layer2_out_30_V  |  1|   0|    1|          0|
    |ap_sync_reg_channel_write_layer2_out_31_V  |  1|   0|    1|          0|
    |ap_sync_reg_channel_write_layer2_out_32_V  |  1|   0|    1|          0|
    |ap_sync_reg_channel_write_layer2_out_33_V  |  1|   0|    1|          0|
    |ap_sync_reg_channel_write_layer2_out_34_V  |  1|   0|    1|          0|
    |ap_sync_reg_channel_write_layer2_out_35_V  |  1|   0|    1|          0|
    |ap_sync_reg_channel_write_layer2_out_36_V  |  1|   0|    1|          0|
    |ap_sync_reg_channel_write_layer2_out_37_V  |  1|   0|    1|          0|
    |ap_sync_reg_channel_write_layer2_out_38_V  |  1|   0|    1|          0|
    |ap_sync_reg_channel_write_layer2_out_39_V  |  1|   0|    1|          0|
    |ap_sync_reg_channel_write_layer2_out_3_V   |  1|   0|    1|          0|
    |ap_sync_reg_channel_write_layer2_out_40_V  |  1|   0|    1|          0|
    |ap_sync_reg_channel_write_layer2_out_41_V  |  1|   0|    1|          0|
    |ap_sync_reg_channel_write_layer2_out_42_V  |  1|   0|    1|          0|
    |ap_sync_reg_channel_write_layer2_out_43_V  |  1|   0|    1|          0|
    |ap_sync_reg_channel_write_layer2_out_44_V  |  1|   0|    1|          0|
    |ap_sync_reg_channel_write_layer2_out_45_V  |  1|   0|    1|          0|
    |ap_sync_reg_channel_write_layer2_out_46_V  |  1|   0|    1|          0|
    |ap_sync_reg_channel_write_layer2_out_47_V  |  1|   0|    1|          0|
    |ap_sync_reg_channel_write_layer2_out_48_V  |  1|   0|    1|          0|
    |ap_sync_reg_channel_write_layer2_out_49_V  |  1|   0|    1|          0|
    |ap_sync_reg_channel_write_layer2_out_4_V   |  1|   0|    1|          0|
    |ap_sync_reg_channel_write_layer2_out_50_V  |  1|   0|    1|          0|
    |ap_sync_reg_channel_write_layer2_out_51_V  |  1|   0|    1|          0|
    |ap_sync_reg_channel_write_layer2_out_52_V  |  1|   0|    1|          0|
    |ap_sync_reg_channel_write_layer2_out_53_V  |  1|   0|    1|          0|
    |ap_sync_reg_channel_write_layer2_out_54_V  |  1|   0|    1|          0|
    |ap_sync_reg_channel_write_layer2_out_55_V  |  1|   0|    1|          0|
    |ap_sync_reg_channel_write_layer2_out_56_V  |  1|   0|    1|          0|
    |ap_sync_reg_channel_write_layer2_out_57_V  |  1|   0|    1|          0|
    |ap_sync_reg_channel_write_layer2_out_5_V   |  1|   0|    1|          0|
    |ap_sync_reg_channel_write_layer2_out_6_V   |  1|   0|    1|          0|
    |ap_sync_reg_channel_write_layer2_out_7_V   |  1|   0|    1|          0|
    |ap_sync_reg_channel_write_layer2_out_8_V   |  1|   0|    1|          0|
    |ap_sync_reg_channel_write_layer2_out_9_V   |  1|   0|    1|          0|
    |ap_sync_reg_channel_write_layer4_out_0_V   |  1|   0|    1|          0|
    |ap_sync_reg_channel_write_layer4_out_10_V  |  1|   0|    1|          0|
    |ap_sync_reg_channel_write_layer4_out_11_V  |  1|   0|    1|          0|
    |ap_sync_reg_channel_write_layer4_out_12_V  |  1|   0|    1|          0|
    |ap_sync_reg_channel_write_layer4_out_13_V  |  1|   0|    1|          0|
    |ap_sync_reg_channel_write_layer4_out_14_V  |  1|   0|    1|          0|
    |ap_sync_reg_channel_write_layer4_out_15_V  |  1|   0|    1|          0|
    |ap_sync_reg_channel_write_layer4_out_16_V  |  1|   0|    1|          0|
    |ap_sync_reg_channel_write_layer4_out_17_V  |  1|   0|    1|          0|
    |ap_sync_reg_channel_write_layer4_out_18_V  |  1|   0|    1|          0|
    |ap_sync_reg_channel_write_layer4_out_19_V  |  1|   0|    1|          0|
    |ap_sync_reg_channel_write_layer4_out_1_V   |  1|   0|    1|          0|
    |ap_sync_reg_channel_write_layer4_out_20_V  |  1|   0|    1|          0|
    |ap_sync_reg_channel_write_layer4_out_21_V  |  1|   0|    1|          0|
    |ap_sync_reg_channel_write_layer4_out_22_V  |  1|   0|    1|          0|
    |ap_sync_reg_channel_write_layer4_out_23_V  |  1|   0|    1|          0|
    |ap_sync_reg_channel_write_layer4_out_24_V  |  1|   0|    1|          0|
    |ap_sync_reg_channel_write_layer4_out_25_V  |  1|   0|    1|          0|
    |ap_sync_reg_channel_write_layer4_out_26_V  |  1|   0|    1|          0|
    |ap_sync_reg_channel_write_layer4_out_27_V  |  1|   0|    1|          0|
    |ap_sync_reg_channel_write_layer4_out_28_V  |  1|   0|    1|          0|
    |ap_sync_reg_channel_write_layer4_out_29_V  |  1|   0|    1|          0|
    |ap_sync_reg_channel_write_layer4_out_2_V   |  1|   0|    1|          0|
    |ap_sync_reg_channel_write_layer4_out_30_V  |  1|   0|    1|          0|
    |ap_sync_reg_channel_write_layer4_out_31_V  |  1|   0|    1|          0|
    |ap_sync_reg_channel_write_layer4_out_32_V  |  1|   0|    1|          0|
    |ap_sync_reg_channel_write_layer4_out_33_V  |  1|   0|    1|          0|
    |ap_sync_reg_channel_write_layer4_out_34_V  |  1|   0|    1|          0|
    |ap_sync_reg_channel_write_layer4_out_35_V  |  1|   0|    1|          0|
    |ap_sync_reg_channel_write_layer4_out_36_V  |  1|   0|    1|          0|
    |ap_sync_reg_channel_write_layer4_out_37_V  |  1|   0|    1|          0|
    |ap_sync_reg_channel_write_layer4_out_38_V  |  1|   0|    1|          0|
    |ap_sync_reg_channel_write_layer4_out_39_V  |  1|   0|    1|          0|
    |ap_sync_reg_channel_write_layer4_out_3_V   |  1|   0|    1|          0|
    |ap_sync_reg_channel_write_layer4_out_40_V  |  1|   0|    1|          0|
    |ap_sync_reg_channel_write_layer4_out_41_V  |  1|   0|    1|          0|
    |ap_sync_reg_channel_write_layer4_out_42_V  |  1|   0|    1|          0|
    |ap_sync_reg_channel_write_layer4_out_43_V  |  1|   0|    1|          0|
    |ap_sync_reg_channel_write_layer4_out_44_V  |  1|   0|    1|          0|
    |ap_sync_reg_channel_write_layer4_out_45_V  |  1|   0|    1|          0|
    |ap_sync_reg_channel_write_layer4_out_46_V  |  1|   0|    1|          0|
    |ap_sync_reg_channel_write_layer4_out_47_V  |  1|   0|    1|          0|
    |ap_sync_reg_channel_write_layer4_out_48_V  |  1|   0|    1|          0|
    |ap_sync_reg_channel_write_layer4_out_49_V  |  1|   0|    1|          0|
    |ap_sync_reg_channel_write_layer4_out_4_V   |  1|   0|    1|          0|
    |ap_sync_reg_channel_write_layer4_out_50_V  |  1|   0|    1|          0|
    |ap_sync_reg_channel_write_layer4_out_51_V  |  1|   0|    1|          0|
    |ap_sync_reg_channel_write_layer4_out_52_V  |  1|   0|    1|          0|
    |ap_sync_reg_channel_write_layer4_out_53_V  |  1|   0|    1|          0|
    |ap_sync_reg_channel_write_layer4_out_54_V  |  1|   0|    1|          0|
    |ap_sync_reg_channel_write_layer4_out_55_V  |  1|   0|    1|          0|
    |ap_sync_reg_channel_write_layer4_out_56_V  |  1|   0|    1|          0|
    |ap_sync_reg_channel_write_layer4_out_57_V  |  1|   0|    1|          0|
    |ap_sync_reg_channel_write_layer4_out_5_V   |  1|   0|    1|          0|
    |ap_sync_reg_channel_write_layer4_out_6_V   |  1|   0|    1|          0|
    |ap_sync_reg_channel_write_layer4_out_7_V   |  1|   0|    1|          0|
    |ap_sync_reg_channel_write_layer4_out_8_V   |  1|   0|    1|          0|
    |ap_sync_reg_channel_write_layer4_out_9_V   |  1|   0|    1|          0|
    |ap_sync_reg_window_entry3_U0_ap_ready      |  1|   0|    1|          0|
    |window_entry3_U0_ap_ready_count            |  2|   0|    2|          0|
    +-------------------------------------------+---+----+-----+-----------+
    |Total                                      |122|   0|  122|          0|
    +-------------------------------------------+---+----+-----+-----------+



================================================================
== Interface
================================================================
* Summary: 
+-------------------------+-----+------+------------+------------------+--------------+
|        RTL Ports        | Dir | Bits |  Protocol  |   Source Object  |    C Type    |
+-------------------------+-----+------+------------+------------------+--------------+
|dense_1_input_V          |  in |  2160|   ap_vld   |  dense_1_input_V |    pointer   |
|dense_1_input_V_ap_vld   |  in |     1|   ap_vld   |  dense_1_input_V |    pointer   |
|layer5_out_0_V           | out |    12|   ap_vld   |  layer5_out_0_V  |    pointer   |
|layer5_out_0_V_ap_vld    | out |     1|   ap_vld   |  layer5_out_0_V  |    pointer   |
|layer5_out_1_V           | out |    12|   ap_vld   |  layer5_out_1_V  |    pointer   |
|layer5_out_1_V_ap_vld    | out |     1|   ap_vld   |  layer5_out_1_V  |    pointer   |
|layer5_out_2_V           | out |    12|   ap_vld   |  layer5_out_2_V  |    pointer   |
|layer5_out_2_V_ap_vld    | out |     1|   ap_vld   |  layer5_out_2_V  |    pointer   |
|layer5_out_3_V           | out |    12|   ap_vld   |  layer5_out_3_V  |    pointer   |
|layer5_out_3_V_ap_vld    | out |     1|   ap_vld   |  layer5_out_3_V  |    pointer   |
|layer5_out_4_V           | out |    12|   ap_vld   |  layer5_out_4_V  |    pointer   |
|layer5_out_4_V_ap_vld    | out |     1|   ap_vld   |  layer5_out_4_V  |    pointer   |
|layer5_out_5_V           | out |    12|   ap_vld   |  layer5_out_5_V  |    pointer   |
|layer5_out_5_V_ap_vld    | out |     1|   ap_vld   |  layer5_out_5_V  |    pointer   |
|layer5_out_6_V           | out |    12|   ap_vld   |  layer5_out_6_V  |    pointer   |
|layer5_out_6_V_ap_vld    | out |     1|   ap_vld   |  layer5_out_6_V  |    pointer   |
|layer5_out_7_V           | out |    12|   ap_vld   |  layer5_out_7_V  |    pointer   |
|layer5_out_7_V_ap_vld    | out |     1|   ap_vld   |  layer5_out_7_V  |    pointer   |
|layer5_out_8_V           | out |    12|   ap_vld   |  layer5_out_8_V  |    pointer   |
|layer5_out_8_V_ap_vld    | out |     1|   ap_vld   |  layer5_out_8_V  |    pointer   |
|layer5_out_9_V           | out |    12|   ap_vld   |  layer5_out_9_V  |    pointer   |
|layer5_out_9_V_ap_vld    | out |     1|   ap_vld   |  layer5_out_9_V  |    pointer   |
|layer5_out_10_V          | out |    12|   ap_vld   |  layer5_out_10_V |    pointer   |
|layer5_out_10_V_ap_vld   | out |     1|   ap_vld   |  layer5_out_10_V |    pointer   |
|layer5_out_11_V          | out |    12|   ap_vld   |  layer5_out_11_V |    pointer   |
|layer5_out_11_V_ap_vld   | out |     1|   ap_vld   |  layer5_out_11_V |    pointer   |
|layer5_out_12_V          | out |    12|   ap_vld   |  layer5_out_12_V |    pointer   |
|layer5_out_12_V_ap_vld   | out |     1|   ap_vld   |  layer5_out_12_V |    pointer   |
|layer5_out_13_V          | out |    12|   ap_vld   |  layer5_out_13_V |    pointer   |
|layer5_out_13_V_ap_vld   | out |     1|   ap_vld   |  layer5_out_13_V |    pointer   |
|layer5_out_14_V          | out |    12|   ap_vld   |  layer5_out_14_V |    pointer   |
|layer5_out_14_V_ap_vld   | out |     1|   ap_vld   |  layer5_out_14_V |    pointer   |
|layer5_out_15_V          | out |    12|   ap_vld   |  layer5_out_15_V |    pointer   |
|layer5_out_15_V_ap_vld   | out |     1|   ap_vld   |  layer5_out_15_V |    pointer   |
|layer5_out_16_V          | out |    12|   ap_vld   |  layer5_out_16_V |    pointer   |
|layer5_out_16_V_ap_vld   | out |     1|   ap_vld   |  layer5_out_16_V |    pointer   |
|layer5_out_17_V          | out |    12|   ap_vld   |  layer5_out_17_V |    pointer   |
|layer5_out_17_V_ap_vld   | out |     1|   ap_vld   |  layer5_out_17_V |    pointer   |
|layer5_out_18_V          | out |    12|   ap_vld   |  layer5_out_18_V |    pointer   |
|layer5_out_18_V_ap_vld   | out |     1|   ap_vld   |  layer5_out_18_V |    pointer   |
|layer5_out_19_V          | out |    12|   ap_vld   |  layer5_out_19_V |    pointer   |
|layer5_out_19_V_ap_vld   | out |     1|   ap_vld   |  layer5_out_19_V |    pointer   |
|layer5_out_20_V          | out |    12|   ap_vld   |  layer5_out_20_V |    pointer   |
|layer5_out_20_V_ap_vld   | out |     1|   ap_vld   |  layer5_out_20_V |    pointer   |
|layer5_out_21_V          | out |    12|   ap_vld   |  layer5_out_21_V |    pointer   |
|layer5_out_21_V_ap_vld   | out |     1|   ap_vld   |  layer5_out_21_V |    pointer   |
|layer5_out_22_V          | out |    12|   ap_vld   |  layer5_out_22_V |    pointer   |
|layer5_out_22_V_ap_vld   | out |     1|   ap_vld   |  layer5_out_22_V |    pointer   |
|layer5_out_23_V          | out |    12|   ap_vld   |  layer5_out_23_V |    pointer   |
|layer5_out_23_V_ap_vld   | out |     1|   ap_vld   |  layer5_out_23_V |    pointer   |
|layer5_out_24_V          | out |    12|   ap_vld   |  layer5_out_24_V |    pointer   |
|layer5_out_24_V_ap_vld   | out |     1|   ap_vld   |  layer5_out_24_V |    pointer   |
|layer5_out_25_V          | out |    12|   ap_vld   |  layer5_out_25_V |    pointer   |
|layer5_out_25_V_ap_vld   | out |     1|   ap_vld   |  layer5_out_25_V |    pointer   |
|layer5_out_26_V          | out |    12|   ap_vld   |  layer5_out_26_V |    pointer   |
|layer5_out_26_V_ap_vld   | out |     1|   ap_vld   |  layer5_out_26_V |    pointer   |
|layer5_out_27_V          | out |    12|   ap_vld   |  layer5_out_27_V |    pointer   |
|layer5_out_27_V_ap_vld   | out |     1|   ap_vld   |  layer5_out_27_V |    pointer   |
|layer5_out_28_V          | out |    12|   ap_vld   |  layer5_out_28_V |    pointer   |
|layer5_out_28_V_ap_vld   | out |     1|   ap_vld   |  layer5_out_28_V |    pointer   |
|layer5_out_29_V          | out |    12|   ap_vld   |  layer5_out_29_V |    pointer   |
|layer5_out_29_V_ap_vld   | out |     1|   ap_vld   |  layer5_out_29_V |    pointer   |
|layer5_out_30_V          | out |    12|   ap_vld   |  layer5_out_30_V |    pointer   |
|layer5_out_30_V_ap_vld   | out |     1|   ap_vld   |  layer5_out_30_V |    pointer   |
|layer5_out_31_V          | out |    12|   ap_vld   |  layer5_out_31_V |    pointer   |
|layer5_out_31_V_ap_vld   | out |     1|   ap_vld   |  layer5_out_31_V |    pointer   |
|layer5_out_32_V          | out |    12|   ap_vld   |  layer5_out_32_V |    pointer   |
|layer5_out_32_V_ap_vld   | out |     1|   ap_vld   |  layer5_out_32_V |    pointer   |
|layer5_out_33_V          | out |    12|   ap_vld   |  layer5_out_33_V |    pointer   |
|layer5_out_33_V_ap_vld   | out |     1|   ap_vld   |  layer5_out_33_V |    pointer   |
|layer5_out_34_V          | out |    12|   ap_vld   |  layer5_out_34_V |    pointer   |
|layer5_out_34_V_ap_vld   | out |     1|   ap_vld   |  layer5_out_34_V |    pointer   |
|layer5_out_35_V          | out |    12|   ap_vld   |  layer5_out_35_V |    pointer   |
|layer5_out_35_V_ap_vld   | out |     1|   ap_vld   |  layer5_out_35_V |    pointer   |
|layer5_out_36_V          | out |    12|   ap_vld   |  layer5_out_36_V |    pointer   |
|layer5_out_36_V_ap_vld   | out |     1|   ap_vld   |  layer5_out_36_V |    pointer   |
|layer5_out_37_V          | out |    12|   ap_vld   |  layer5_out_37_V |    pointer   |
|layer5_out_37_V_ap_vld   | out |     1|   ap_vld   |  layer5_out_37_V |    pointer   |
|layer5_out_38_V          | out |    12|   ap_vld   |  layer5_out_38_V |    pointer   |
|layer5_out_38_V_ap_vld   | out |     1|   ap_vld   |  layer5_out_38_V |    pointer   |
|layer5_out_39_V          | out |    12|   ap_vld   |  layer5_out_39_V |    pointer   |
|layer5_out_39_V_ap_vld   | out |     1|   ap_vld   |  layer5_out_39_V |    pointer   |
|layer5_out_40_V          | out |    12|   ap_vld   |  layer5_out_40_V |    pointer   |
|layer5_out_40_V_ap_vld   | out |     1|   ap_vld   |  layer5_out_40_V |    pointer   |
|layer5_out_41_V          | out |    12|   ap_vld   |  layer5_out_41_V |    pointer   |
|layer5_out_41_V_ap_vld   | out |     1|   ap_vld   |  layer5_out_41_V |    pointer   |
|layer5_out_42_V          | out |    12|   ap_vld   |  layer5_out_42_V |    pointer   |
|layer5_out_42_V_ap_vld   | out |     1|   ap_vld   |  layer5_out_42_V |    pointer   |
|layer5_out_43_V          | out |    12|   ap_vld   |  layer5_out_43_V |    pointer   |
|layer5_out_43_V_ap_vld   | out |     1|   ap_vld   |  layer5_out_43_V |    pointer   |
|layer5_out_44_V          | out |    12|   ap_vld   |  layer5_out_44_V |    pointer   |
|layer5_out_44_V_ap_vld   | out |     1|   ap_vld   |  layer5_out_44_V |    pointer   |
|layer5_out_45_V          | out |    12|   ap_vld   |  layer5_out_45_V |    pointer   |
|layer5_out_45_V_ap_vld   | out |     1|   ap_vld   |  layer5_out_45_V |    pointer   |
|layer5_out_46_V          | out |    12|   ap_vld   |  layer5_out_46_V |    pointer   |
|layer5_out_46_V_ap_vld   | out |     1|   ap_vld   |  layer5_out_46_V |    pointer   |
|layer5_out_47_V          | out |    12|   ap_vld   |  layer5_out_47_V |    pointer   |
|layer5_out_47_V_ap_vld   | out |     1|   ap_vld   |  layer5_out_47_V |    pointer   |
|layer5_out_48_V          | out |    12|   ap_vld   |  layer5_out_48_V |    pointer   |
|layer5_out_48_V_ap_vld   | out |     1|   ap_vld   |  layer5_out_48_V |    pointer   |
|layer5_out_49_V          | out |    12|   ap_vld   |  layer5_out_49_V |    pointer   |
|layer5_out_49_V_ap_vld   | out |     1|   ap_vld   |  layer5_out_49_V |    pointer   |
|layer5_out_50_V          | out |    12|   ap_vld   |  layer5_out_50_V |    pointer   |
|layer5_out_50_V_ap_vld   | out |     1|   ap_vld   |  layer5_out_50_V |    pointer   |
|layer5_out_51_V          | out |    12|   ap_vld   |  layer5_out_51_V |    pointer   |
|layer5_out_51_V_ap_vld   | out |     1|   ap_vld   |  layer5_out_51_V |    pointer   |
|layer5_out_52_V          | out |    12|   ap_vld   |  layer5_out_52_V |    pointer   |
|layer5_out_52_V_ap_vld   | out |     1|   ap_vld   |  layer5_out_52_V |    pointer   |
|layer5_out_53_V          | out |    12|   ap_vld   |  layer5_out_53_V |    pointer   |
|layer5_out_53_V_ap_vld   | out |     1|   ap_vld   |  layer5_out_53_V |    pointer   |
|layer5_out_54_V          | out |    12|   ap_vld   |  layer5_out_54_V |    pointer   |
|layer5_out_54_V_ap_vld   | out |     1|   ap_vld   |  layer5_out_54_V |    pointer   |
|layer5_out_55_V          | out |    12|   ap_vld   |  layer5_out_55_V |    pointer   |
|layer5_out_55_V_ap_vld   | out |     1|   ap_vld   |  layer5_out_55_V |    pointer   |
|layer5_out_56_V          | out |    12|   ap_vld   |  layer5_out_56_V |    pointer   |
|layer5_out_56_V_ap_vld   | out |     1|   ap_vld   |  layer5_out_56_V |    pointer   |
|layer5_out_57_V          | out |    12|   ap_vld   |  layer5_out_57_V |    pointer   |
|layer5_out_57_V_ap_vld   | out |     1|   ap_vld   |  layer5_out_57_V |    pointer   |
|layer5_out_58_V          | out |    12|   ap_vld   |  layer5_out_58_V |    pointer   |
|layer5_out_58_V_ap_vld   | out |     1|   ap_vld   |  layer5_out_58_V |    pointer   |
|layer5_out_59_V          | out |    12|   ap_vld   |  layer5_out_59_V |    pointer   |
|layer5_out_59_V_ap_vld   | out |     1|   ap_vld   |  layer5_out_59_V |    pointer   |
|layer5_out_60_V          | out |    12|   ap_vld   |  layer5_out_60_V |    pointer   |
|layer5_out_60_V_ap_vld   | out |     1|   ap_vld   |  layer5_out_60_V |    pointer   |
|layer5_out_61_V          | out |    12|   ap_vld   |  layer5_out_61_V |    pointer   |
|layer5_out_61_V_ap_vld   | out |     1|   ap_vld   |  layer5_out_61_V |    pointer   |
|layer5_out_62_V          | out |    12|   ap_vld   |  layer5_out_62_V |    pointer   |
|layer5_out_62_V_ap_vld   | out |     1|   ap_vld   |  layer5_out_62_V |    pointer   |
|layer5_out_63_V          | out |    12|   ap_vld   |  layer5_out_63_V |    pointer   |
|layer5_out_63_V_ap_vld   | out |     1|   ap_vld   |  layer5_out_63_V |    pointer   |
|layer5_out_64_V          | out |    12|   ap_vld   |  layer5_out_64_V |    pointer   |
|layer5_out_64_V_ap_vld   | out |     1|   ap_vld   |  layer5_out_64_V |    pointer   |
|layer5_out_65_V          | out |    12|   ap_vld   |  layer5_out_65_V |    pointer   |
|layer5_out_65_V_ap_vld   | out |     1|   ap_vld   |  layer5_out_65_V |    pointer   |
|layer5_out_66_V          | out |    12|   ap_vld   |  layer5_out_66_V |    pointer   |
|layer5_out_66_V_ap_vld   | out |     1|   ap_vld   |  layer5_out_66_V |    pointer   |
|layer5_out_67_V          | out |    12|   ap_vld   |  layer5_out_67_V |    pointer   |
|layer5_out_67_V_ap_vld   | out |     1|   ap_vld   |  layer5_out_67_V |    pointer   |
|layer5_out_68_V          | out |    12|   ap_vld   |  layer5_out_68_V |    pointer   |
|layer5_out_68_V_ap_vld   | out |     1|   ap_vld   |  layer5_out_68_V |    pointer   |
|layer5_out_69_V          | out |    12|   ap_vld   |  layer5_out_69_V |    pointer   |
|layer5_out_69_V_ap_vld   | out |     1|   ap_vld   |  layer5_out_69_V |    pointer   |
|layer5_out_70_V          | out |    12|   ap_vld   |  layer5_out_70_V |    pointer   |
|layer5_out_70_V_ap_vld   | out |     1|   ap_vld   |  layer5_out_70_V |    pointer   |
|layer5_out_71_V          | out |    12|   ap_vld   |  layer5_out_71_V |    pointer   |
|layer5_out_71_V_ap_vld   | out |     1|   ap_vld   |  layer5_out_71_V |    pointer   |
|layer5_out_72_V          | out |    12|   ap_vld   |  layer5_out_72_V |    pointer   |
|layer5_out_72_V_ap_vld   | out |     1|   ap_vld   |  layer5_out_72_V |    pointer   |
|layer5_out_73_V          | out |    12|   ap_vld   |  layer5_out_73_V |    pointer   |
|layer5_out_73_V_ap_vld   | out |     1|   ap_vld   |  layer5_out_73_V |    pointer   |
|layer5_out_74_V          | out |    12|   ap_vld   |  layer5_out_74_V |    pointer   |
|layer5_out_74_V_ap_vld   | out |     1|   ap_vld   |  layer5_out_74_V |    pointer   |
|layer5_out_75_V          | out |    12|   ap_vld   |  layer5_out_75_V |    pointer   |
|layer5_out_75_V_ap_vld   | out |     1|   ap_vld   |  layer5_out_75_V |    pointer   |
|layer5_out_76_V          | out |    12|   ap_vld   |  layer5_out_76_V |    pointer   |
|layer5_out_76_V_ap_vld   | out |     1|   ap_vld   |  layer5_out_76_V |    pointer   |
|layer5_out_77_V          | out |    12|   ap_vld   |  layer5_out_77_V |    pointer   |
|layer5_out_77_V_ap_vld   | out |     1|   ap_vld   |  layer5_out_77_V |    pointer   |
|layer5_out_78_V          | out |    12|   ap_vld   |  layer5_out_78_V |    pointer   |
|layer5_out_78_V_ap_vld   | out |     1|   ap_vld   |  layer5_out_78_V |    pointer   |
|layer5_out_79_V          | out |    12|   ap_vld   |  layer5_out_79_V |    pointer   |
|layer5_out_79_V_ap_vld   | out |     1|   ap_vld   |  layer5_out_79_V |    pointer   |
|layer5_out_80_V          | out |    12|   ap_vld   |  layer5_out_80_V |    pointer   |
|layer5_out_80_V_ap_vld   | out |     1|   ap_vld   |  layer5_out_80_V |    pointer   |
|layer5_out_81_V          | out |    12|   ap_vld   |  layer5_out_81_V |    pointer   |
|layer5_out_81_V_ap_vld   | out |     1|   ap_vld   |  layer5_out_81_V |    pointer   |
|layer5_out_82_V          | out |    12|   ap_vld   |  layer5_out_82_V |    pointer   |
|layer5_out_82_V_ap_vld   | out |     1|   ap_vld   |  layer5_out_82_V |    pointer   |
|layer5_out_83_V          | out |    12|   ap_vld   |  layer5_out_83_V |    pointer   |
|layer5_out_83_V_ap_vld   | out |     1|   ap_vld   |  layer5_out_83_V |    pointer   |
|layer5_out_84_V          | out |    12|   ap_vld   |  layer5_out_84_V |    pointer   |
|layer5_out_84_V_ap_vld   | out |     1|   ap_vld   |  layer5_out_84_V |    pointer   |
|layer5_out_85_V          | out |    12|   ap_vld   |  layer5_out_85_V |    pointer   |
|layer5_out_85_V_ap_vld   | out |     1|   ap_vld   |  layer5_out_85_V |    pointer   |
|layer5_out_86_V          | out |    12|   ap_vld   |  layer5_out_86_V |    pointer   |
|layer5_out_86_V_ap_vld   | out |     1|   ap_vld   |  layer5_out_86_V |    pointer   |
|layer5_out_87_V          | out |    12|   ap_vld   |  layer5_out_87_V |    pointer   |
|layer5_out_87_V_ap_vld   | out |     1|   ap_vld   |  layer5_out_87_V |    pointer   |
|layer5_out_88_V          | out |    12|   ap_vld   |  layer5_out_88_V |    pointer   |
|layer5_out_88_V_ap_vld   | out |     1|   ap_vld   |  layer5_out_88_V |    pointer   |
|layer5_out_89_V          | out |    12|   ap_vld   |  layer5_out_89_V |    pointer   |
|layer5_out_89_V_ap_vld   | out |     1|   ap_vld   |  layer5_out_89_V |    pointer   |
|layer5_out_90_V          | out |    12|   ap_vld   |  layer5_out_90_V |    pointer   |
|layer5_out_90_V_ap_vld   | out |     1|   ap_vld   |  layer5_out_90_V |    pointer   |
|layer5_out_91_V          | out |    12|   ap_vld   |  layer5_out_91_V |    pointer   |
|layer5_out_91_V_ap_vld   | out |     1|   ap_vld   |  layer5_out_91_V |    pointer   |
|layer5_out_92_V          | out |    12|   ap_vld   |  layer5_out_92_V |    pointer   |
|layer5_out_92_V_ap_vld   | out |     1|   ap_vld   |  layer5_out_92_V |    pointer   |
|layer5_out_93_V          | out |    12|   ap_vld   |  layer5_out_93_V |    pointer   |
|layer5_out_93_V_ap_vld   | out |     1|   ap_vld   |  layer5_out_93_V |    pointer   |
|layer5_out_94_V          | out |    12|   ap_vld   |  layer5_out_94_V |    pointer   |
|layer5_out_94_V_ap_vld   | out |     1|   ap_vld   |  layer5_out_94_V |    pointer   |
|layer5_out_95_V          | out |    12|   ap_vld   |  layer5_out_95_V |    pointer   |
|layer5_out_95_V_ap_vld   | out |     1|   ap_vld   |  layer5_out_95_V |    pointer   |
|layer5_out_96_V          | out |    12|   ap_vld   |  layer5_out_96_V |    pointer   |
|layer5_out_96_V_ap_vld   | out |     1|   ap_vld   |  layer5_out_96_V |    pointer   |
|layer5_out_97_V          | out |    12|   ap_vld   |  layer5_out_97_V |    pointer   |
|layer5_out_97_V_ap_vld   | out |     1|   ap_vld   |  layer5_out_97_V |    pointer   |
|layer5_out_98_V          | out |    12|   ap_vld   |  layer5_out_98_V |    pointer   |
|layer5_out_98_V_ap_vld   | out |     1|   ap_vld   |  layer5_out_98_V |    pointer   |
|layer5_out_99_V          | out |    12|   ap_vld   |  layer5_out_99_V |    pointer   |
|layer5_out_99_V_ap_vld   | out |     1|   ap_vld   |  layer5_out_99_V |    pointer   |
|layer5_out_100_V         | out |    12|   ap_vld   | layer5_out_100_V |    pointer   |
|layer5_out_100_V_ap_vld  | out |     1|   ap_vld   | layer5_out_100_V |    pointer   |
|layer5_out_101_V         | out |    12|   ap_vld   | layer5_out_101_V |    pointer   |
|layer5_out_101_V_ap_vld  | out |     1|   ap_vld   | layer5_out_101_V |    pointer   |
|layer5_out_102_V         | out |    12|   ap_vld   | layer5_out_102_V |    pointer   |
|layer5_out_102_V_ap_vld  | out |     1|   ap_vld   | layer5_out_102_V |    pointer   |
|layer5_out_103_V         | out |    12|   ap_vld   | layer5_out_103_V |    pointer   |
|layer5_out_103_V_ap_vld  | out |     1|   ap_vld   | layer5_out_103_V |    pointer   |
|layer5_out_104_V         | out |    12|   ap_vld   | layer5_out_104_V |    pointer   |
|layer5_out_104_V_ap_vld  | out |     1|   ap_vld   | layer5_out_104_V |    pointer   |
|layer5_out_105_V         | out |    12|   ap_vld   | layer5_out_105_V |    pointer   |
|layer5_out_105_V_ap_vld  | out |     1|   ap_vld   | layer5_out_105_V |    pointer   |
|layer5_out_106_V         | out |    12|   ap_vld   | layer5_out_106_V |    pointer   |
|layer5_out_106_V_ap_vld  | out |     1|   ap_vld   | layer5_out_106_V |    pointer   |
|layer5_out_107_V         | out |    12|   ap_vld   | layer5_out_107_V |    pointer   |
|layer5_out_107_V_ap_vld  | out |     1|   ap_vld   | layer5_out_107_V |    pointer   |
|layer5_out_108_V         | out |    12|   ap_vld   | layer5_out_108_V |    pointer   |
|layer5_out_108_V_ap_vld  | out |     1|   ap_vld   | layer5_out_108_V |    pointer   |
|layer5_out_109_V         | out |    12|   ap_vld   | layer5_out_109_V |    pointer   |
|layer5_out_109_V_ap_vld  | out |     1|   ap_vld   | layer5_out_109_V |    pointer   |
|layer5_out_110_V         | out |    12|   ap_vld   | layer5_out_110_V |    pointer   |
|layer5_out_110_V_ap_vld  | out |     1|   ap_vld   | layer5_out_110_V |    pointer   |
|layer5_out_111_V         | out |    12|   ap_vld   | layer5_out_111_V |    pointer   |
|layer5_out_111_V_ap_vld  | out |     1|   ap_vld   | layer5_out_111_V |    pointer   |
|layer5_out_112_V         | out |    12|   ap_vld   | layer5_out_112_V |    pointer   |
|layer5_out_112_V_ap_vld  | out |     1|   ap_vld   | layer5_out_112_V |    pointer   |
|layer5_out_113_V         | out |    12|   ap_vld   | layer5_out_113_V |    pointer   |
|layer5_out_113_V_ap_vld  | out |     1|   ap_vld   | layer5_out_113_V |    pointer   |
|layer5_out_114_V         | out |    12|   ap_vld   | layer5_out_114_V |    pointer   |
|layer5_out_114_V_ap_vld  | out |     1|   ap_vld   | layer5_out_114_V |    pointer   |
|layer5_out_115_V         | out |    12|   ap_vld   | layer5_out_115_V |    pointer   |
|layer5_out_115_V_ap_vld  | out |     1|   ap_vld   | layer5_out_115_V |    pointer   |
|layer5_out_116_V         | out |    12|   ap_vld   | layer5_out_116_V |    pointer   |
|layer5_out_116_V_ap_vld  | out |     1|   ap_vld   | layer5_out_116_V |    pointer   |
|layer5_out_117_V         | out |    12|   ap_vld   | layer5_out_117_V |    pointer   |
|layer5_out_117_V_ap_vld  | out |     1|   ap_vld   | layer5_out_117_V |    pointer   |
|layer5_out_118_V         | out |    12|   ap_vld   | layer5_out_118_V |    pointer   |
|layer5_out_118_V_ap_vld  | out |     1|   ap_vld   | layer5_out_118_V |    pointer   |
|layer5_out_119_V         | out |    12|   ap_vld   | layer5_out_119_V |    pointer   |
|layer5_out_119_V_ap_vld  | out |     1|   ap_vld   | layer5_out_119_V |    pointer   |
|layer5_out_120_V         | out |    12|   ap_vld   | layer5_out_120_V |    pointer   |
|layer5_out_120_V_ap_vld  | out |     1|   ap_vld   | layer5_out_120_V |    pointer   |
|layer5_out_121_V         | out |    12|   ap_vld   | layer5_out_121_V |    pointer   |
|layer5_out_121_V_ap_vld  | out |     1|   ap_vld   | layer5_out_121_V |    pointer   |
|layer5_out_122_V         | out |    12|   ap_vld   | layer5_out_122_V |    pointer   |
|layer5_out_122_V_ap_vld  | out |     1|   ap_vld   | layer5_out_122_V |    pointer   |
|layer5_out_123_V         | out |    12|   ap_vld   | layer5_out_123_V |    pointer   |
|layer5_out_123_V_ap_vld  | out |     1|   ap_vld   | layer5_out_123_V |    pointer   |
|layer5_out_124_V         | out |    12|   ap_vld   | layer5_out_124_V |    pointer   |
|layer5_out_124_V_ap_vld  | out |     1|   ap_vld   | layer5_out_124_V |    pointer   |
|layer5_out_125_V         | out |    12|   ap_vld   | layer5_out_125_V |    pointer   |
|layer5_out_125_V_ap_vld  | out |     1|   ap_vld   | layer5_out_125_V |    pointer   |
|layer5_out_126_V         | out |    12|   ap_vld   | layer5_out_126_V |    pointer   |
|layer5_out_126_V_ap_vld  | out |     1|   ap_vld   | layer5_out_126_V |    pointer   |
|layer5_out_127_V         | out |    12|   ap_vld   | layer5_out_127_V |    pointer   |
|layer5_out_127_V_ap_vld  | out |     1|   ap_vld   | layer5_out_127_V |    pointer   |
|layer5_out_128_V         | out |    12|   ap_vld   | layer5_out_128_V |    pointer   |
|layer5_out_128_V_ap_vld  | out |     1|   ap_vld   | layer5_out_128_V |    pointer   |
|layer5_out_129_V         | out |    12|   ap_vld   | layer5_out_129_V |    pointer   |
|layer5_out_129_V_ap_vld  | out |     1|   ap_vld   | layer5_out_129_V |    pointer   |
|layer5_out_130_V         | out |    12|   ap_vld   | layer5_out_130_V |    pointer   |
|layer5_out_130_V_ap_vld  | out |     1|   ap_vld   | layer5_out_130_V |    pointer   |
|layer5_out_131_V         | out |    12|   ap_vld   | layer5_out_131_V |    pointer   |
|layer5_out_131_V_ap_vld  | out |     1|   ap_vld   | layer5_out_131_V |    pointer   |
|layer5_out_132_V         | out |    12|   ap_vld   | layer5_out_132_V |    pointer   |
|layer5_out_132_V_ap_vld  | out |     1|   ap_vld   | layer5_out_132_V |    pointer   |
|layer5_out_133_V         | out |    12|   ap_vld   | layer5_out_133_V |    pointer   |
|layer5_out_133_V_ap_vld  | out |     1|   ap_vld   | layer5_out_133_V |    pointer   |
|layer5_out_134_V         | out |    12|   ap_vld   | layer5_out_134_V |    pointer   |
|layer5_out_134_V_ap_vld  | out |     1|   ap_vld   | layer5_out_134_V |    pointer   |
|layer5_out_135_V         | out |    12|   ap_vld   | layer5_out_135_V |    pointer   |
|layer5_out_135_V_ap_vld  | out |     1|   ap_vld   | layer5_out_135_V |    pointer   |
|layer5_out_136_V         | out |    12|   ap_vld   | layer5_out_136_V |    pointer   |
|layer5_out_136_V_ap_vld  | out |     1|   ap_vld   | layer5_out_136_V |    pointer   |
|layer5_out_137_V         | out |    12|   ap_vld   | layer5_out_137_V |    pointer   |
|layer5_out_137_V_ap_vld  | out |     1|   ap_vld   | layer5_out_137_V |    pointer   |
|layer5_out_138_V         | out |    12|   ap_vld   | layer5_out_138_V |    pointer   |
|layer5_out_138_V_ap_vld  | out |     1|   ap_vld   | layer5_out_138_V |    pointer   |
|layer5_out_139_V         | out |    12|   ap_vld   | layer5_out_139_V |    pointer   |
|layer5_out_139_V_ap_vld  | out |     1|   ap_vld   | layer5_out_139_V |    pointer   |
|layer5_out_140_V         | out |    12|   ap_vld   | layer5_out_140_V |    pointer   |
|layer5_out_140_V_ap_vld  | out |     1|   ap_vld   | layer5_out_140_V |    pointer   |
|layer5_out_141_V         | out |    12|   ap_vld   | layer5_out_141_V |    pointer   |
|layer5_out_141_V_ap_vld  | out |     1|   ap_vld   | layer5_out_141_V |    pointer   |
|layer5_out_142_V         | out |    12|   ap_vld   | layer5_out_142_V |    pointer   |
|layer5_out_142_V_ap_vld  | out |     1|   ap_vld   | layer5_out_142_V |    pointer   |
|layer5_out_143_V         | out |    12|   ap_vld   | layer5_out_143_V |    pointer   |
|layer5_out_143_V_ap_vld  | out |     1|   ap_vld   | layer5_out_143_V |    pointer   |
|layer5_out_144_V         | out |    12|   ap_vld   | layer5_out_144_V |    pointer   |
|layer5_out_144_V_ap_vld  | out |     1|   ap_vld   | layer5_out_144_V |    pointer   |
|layer5_out_145_V         | out |    12|   ap_vld   | layer5_out_145_V |    pointer   |
|layer5_out_145_V_ap_vld  | out |     1|   ap_vld   | layer5_out_145_V |    pointer   |
|layer5_out_146_V         | out |    12|   ap_vld   | layer5_out_146_V |    pointer   |
|layer5_out_146_V_ap_vld  | out |     1|   ap_vld   | layer5_out_146_V |    pointer   |
|layer5_out_147_V         | out |    12|   ap_vld   | layer5_out_147_V |    pointer   |
|layer5_out_147_V_ap_vld  | out |     1|   ap_vld   | layer5_out_147_V |    pointer   |
|layer5_out_148_V         | out |    12|   ap_vld   | layer5_out_148_V |    pointer   |
|layer5_out_148_V_ap_vld  | out |     1|   ap_vld   | layer5_out_148_V |    pointer   |
|layer5_out_149_V         | out |    12|   ap_vld   | layer5_out_149_V |    pointer   |
|layer5_out_149_V_ap_vld  | out |     1|   ap_vld   | layer5_out_149_V |    pointer   |
|layer5_out_150_V         | out |    12|   ap_vld   | layer5_out_150_V |    pointer   |
|layer5_out_150_V_ap_vld  | out |     1|   ap_vld   | layer5_out_150_V |    pointer   |
|layer5_out_151_V         | out |    12|   ap_vld   | layer5_out_151_V |    pointer   |
|layer5_out_151_V_ap_vld  | out |     1|   ap_vld   | layer5_out_151_V |    pointer   |
|layer5_out_152_V         | out |    12|   ap_vld   | layer5_out_152_V |    pointer   |
|layer5_out_152_V_ap_vld  | out |     1|   ap_vld   | layer5_out_152_V |    pointer   |
|layer5_out_153_V         | out |    12|   ap_vld   | layer5_out_153_V |    pointer   |
|layer5_out_153_V_ap_vld  | out |     1|   ap_vld   | layer5_out_153_V |    pointer   |
|layer5_out_154_V         | out |    12|   ap_vld   | layer5_out_154_V |    pointer   |
|layer5_out_154_V_ap_vld  | out |     1|   ap_vld   | layer5_out_154_V |    pointer   |
|layer5_out_155_V         | out |    12|   ap_vld   | layer5_out_155_V |    pointer   |
|layer5_out_155_V_ap_vld  | out |     1|   ap_vld   | layer5_out_155_V |    pointer   |
|layer5_out_156_V         | out |    12|   ap_vld   | layer5_out_156_V |    pointer   |
|layer5_out_156_V_ap_vld  | out |     1|   ap_vld   | layer5_out_156_V |    pointer   |
|layer5_out_157_V         | out |    12|   ap_vld   | layer5_out_157_V |    pointer   |
|layer5_out_157_V_ap_vld  | out |     1|   ap_vld   | layer5_out_157_V |    pointer   |
|layer5_out_158_V         | out |    12|   ap_vld   | layer5_out_158_V |    pointer   |
|layer5_out_158_V_ap_vld  | out |     1|   ap_vld   | layer5_out_158_V |    pointer   |
|layer5_out_159_V         | out |    12|   ap_vld   | layer5_out_159_V |    pointer   |
|layer5_out_159_V_ap_vld  | out |     1|   ap_vld   | layer5_out_159_V |    pointer   |
|layer5_out_160_V         | out |    12|   ap_vld   | layer5_out_160_V |    pointer   |
|layer5_out_160_V_ap_vld  | out |     1|   ap_vld   | layer5_out_160_V |    pointer   |
|layer5_out_161_V         | out |    12|   ap_vld   | layer5_out_161_V |    pointer   |
|layer5_out_161_V_ap_vld  | out |     1|   ap_vld   | layer5_out_161_V |    pointer   |
|layer5_out_162_V         | out |    12|   ap_vld   | layer5_out_162_V |    pointer   |
|layer5_out_162_V_ap_vld  | out |     1|   ap_vld   | layer5_out_162_V |    pointer   |
|layer5_out_163_V         | out |    12|   ap_vld   | layer5_out_163_V |    pointer   |
|layer5_out_163_V_ap_vld  | out |     1|   ap_vld   | layer5_out_163_V |    pointer   |
|layer5_out_164_V         | out |    12|   ap_vld   | layer5_out_164_V |    pointer   |
|layer5_out_164_V_ap_vld  | out |     1|   ap_vld   | layer5_out_164_V |    pointer   |
|layer5_out_165_V         | out |    12|   ap_vld   | layer5_out_165_V |    pointer   |
|layer5_out_165_V_ap_vld  | out |     1|   ap_vld   | layer5_out_165_V |    pointer   |
|layer5_out_166_V         | out |    12|   ap_vld   | layer5_out_166_V |    pointer   |
|layer5_out_166_V_ap_vld  | out |     1|   ap_vld   | layer5_out_166_V |    pointer   |
|layer5_out_167_V         | out |    12|   ap_vld   | layer5_out_167_V |    pointer   |
|layer5_out_167_V_ap_vld  | out |     1|   ap_vld   | layer5_out_167_V |    pointer   |
|layer5_out_168_V         | out |    12|   ap_vld   | layer5_out_168_V |    pointer   |
|layer5_out_168_V_ap_vld  | out |     1|   ap_vld   | layer5_out_168_V |    pointer   |
|layer5_out_169_V         | out |    12|   ap_vld   | layer5_out_169_V |    pointer   |
|layer5_out_169_V_ap_vld  | out |     1|   ap_vld   | layer5_out_169_V |    pointer   |
|layer5_out_170_V         | out |    12|   ap_vld   | layer5_out_170_V |    pointer   |
|layer5_out_170_V_ap_vld  | out |     1|   ap_vld   | layer5_out_170_V |    pointer   |
|layer5_out_171_V         | out |    12|   ap_vld   | layer5_out_171_V |    pointer   |
|layer5_out_171_V_ap_vld  | out |     1|   ap_vld   | layer5_out_171_V |    pointer   |
|layer5_out_172_V         | out |    12|   ap_vld   | layer5_out_172_V |    pointer   |
|layer5_out_172_V_ap_vld  | out |     1|   ap_vld   | layer5_out_172_V |    pointer   |
|layer5_out_173_V         | out |    12|   ap_vld   | layer5_out_173_V |    pointer   |
|layer5_out_173_V_ap_vld  | out |     1|   ap_vld   | layer5_out_173_V |    pointer   |
|layer5_out_174_V         | out |    12|   ap_vld   | layer5_out_174_V |    pointer   |
|layer5_out_174_V_ap_vld  | out |     1|   ap_vld   | layer5_out_174_V |    pointer   |
|layer5_out_175_V         | out |    12|   ap_vld   | layer5_out_175_V |    pointer   |
|layer5_out_175_V_ap_vld  | out |     1|   ap_vld   | layer5_out_175_V |    pointer   |
|layer5_out_176_V         | out |    12|   ap_vld   | layer5_out_176_V |    pointer   |
|layer5_out_176_V_ap_vld  | out |     1|   ap_vld   | layer5_out_176_V |    pointer   |
|layer5_out_177_V         | out |    12|   ap_vld   | layer5_out_177_V |    pointer   |
|layer5_out_177_V_ap_vld  | out |     1|   ap_vld   | layer5_out_177_V |    pointer   |
|layer5_out_178_V         | out |    12|   ap_vld   | layer5_out_178_V |    pointer   |
|layer5_out_178_V_ap_vld  | out |     1|   ap_vld   | layer5_out_178_V |    pointer   |
|layer5_out_179_V         | out |    12|   ap_vld   | layer5_out_179_V |    pointer   |
|layer5_out_179_V_ap_vld  | out |     1|   ap_vld   | layer5_out_179_V |    pointer   |
|const_size_in_1          | out |    16|   ap_vld   |  const_size_in_1 |    pointer   |
|const_size_in_1_ap_vld   | out |     1|   ap_vld   |  const_size_in_1 |    pointer   |
|const_size_out_1         | out |    16|   ap_vld   | const_size_out_1 |    pointer   |
|const_size_out_1_ap_vld  | out |     1|   ap_vld   | const_size_out_1 |    pointer   |
|ap_clk                   |  in |     1| ap_ctrl_hs |      window      | return value |
|ap_rst                   |  in |     1| ap_ctrl_hs |      window      | return value |
|ap_start                 |  in |     1| ap_ctrl_hs |      window      | return value |
|ap_done                  | out |     1| ap_ctrl_hs |      window      | return value |
|ap_ready                 | out |     1| ap_ctrl_hs |      window      | return value |
|ap_idle                  | out |     1| ap_ctrl_hs |      window      | return value |
+-------------------------+-----+------+------------+------------------+--------------+

