

================================================================
== Vivado HLS Report for 'digi2win'
================================================================
* Date:           Mon Feb 15 16:18:58 2021

* Version:        2019.2.1 (Build 2724168 on Thu Dec 05 05:19:09 MST 2019)
* Project:        window_prj
* Solution:       solution1
* Product family: virtexuplus
* Target device:  xcu250-figd2104-2L-e


================================================================
== Performance Estimates
================================================================
+ Timing: 
    * Summary: 
    +--------+---------+----------+------------+
    |  Clock |  Target | Estimated| Uncertainty|
    +--------+---------+----------+------------+
    |ap_clk  | 5.00 ns | 4.352 ns |   0.62 ns  |
    +--------+---------+----------+------------+

+ Latency: 
    * Summary: 
    +---------+---------+-----------+----------+-----+-----+----------+
    |  Latency (cycles) |  Latency (absolute)  |  Interval | Pipeline |
    |   min   |   max   |    min    |    max   | min | max |   Type   |
    +---------+---------+-----------+----------+-----+-----+----------+
    |        2|      903| 10.000 ns | 4.515 us |    3|  904| dataflow |
    +---------+---------+-----------+----------+-----+-----+----------+

    + Detail: 
        * Instance: 
        +------------------------+---------------------+---------+---------+-----------+----------+-----+-----+---------+
        |                        |                     |  Latency (cycles) |  Latency (absolute)  |  Interval | Pipeline|
        |        Instance        |        Module       |   min   |   max   |    min    |    max   | min | max |   Type  |
        +------------------------+---------------------+---------+---------+-----------+----------+-----+-----+---------+
        |digi2win_Block_proc_U0  |digi2win_Block_proc  |        2|      903| 10.000 ns | 4.515 us |    2|  903|   none  |
        +------------------------+---------------------+---------+---------+-----------+----------+-----+-----+---------+

        * Loop: 
        N/A



================================================================
== Utilization Estimates
================================================================
* Summary: 
+---------------------+---------+-------+---------+---------+------+
|         Name        | BRAM_18K| DSP48E|    FF   |   LUT   | URAM |
+---------------------+---------+-------+---------+---------+------+
|DSP                  |        -|      -|        -|        -|     -|
|Expression           |        -|      -|        -|        -|     -|
|FIFO                 |        -|      -|        -|        -|     -|
|Instance             |        -|      0|    39024|    95654|     -|
|Memory               |        -|      -|        -|        -|     -|
|Multiplexer          |        -|      -|        -|        -|     -|
|Register             |        -|      -|        -|        -|     -|
+---------------------+---------+-------+---------+---------+------+
|Total                |        0|      0|    39024|    95654|     0|
+---------------------+---------+-------+---------+---------+------+
|Available SLR        |     1344|   3072|   864000|   432000|   320|
+---------------------+---------+-------+---------+---------+------+
|Utilization SLR (%)  |        0|      0|        4|       22|     0|
+---------------------+---------+-------+---------+---------+------+
|Available            |     5376|  12288|  3456000|  1728000|  1280|
+---------------------+---------+-------+---------+---------+------+
|Utilization (%)      |        0|      0|        1|        5|     0|
+---------------------+---------+-------+---------+---------+------+

+ Detail: 
    * Instance: 
    +------------------------+---------------------+---------+-------+-------+-------+-----+
    |        Instance        |        Module       | BRAM_18K| DSP48E|   FF  |  LUT  | URAM|
    +------------------------+---------------------+---------+-------+-------+-------+-----+
    |digi2win_Block_proc_U0  |digi2win_Block_proc  |        0|      0|  39024|  95654|    0|
    +------------------------+---------------------+---------+-------+-------+-------+-----+
    |Total                   |                     |        0|      0|  39024|  95654|    0|
    +------------------------+---------------------+---------+-------+-------+-------+-----+

    * DSP48E: 
    N/A

    * Memory: 
    N/A

    * FIFO: 
    N/A

    * Expression: 
    N/A

    * Multiplexer: 
    N/A

    * Register: 
    N/A



================================================================
== Interface
================================================================
* Summary: 
+--------------------------+-----+-------+------------+-------------------+--------------+
|         RTL Ports        | Dir |  Bits |  Protocol  |   Source Object   |    C Type    |
+--------------------------+-----+-------+------------+-------------------+--------------+
|digi_dout                 |  in |  18432|   ap_fifo  |        digi       |    pointer   |
|digi_empty_n              |  in |      1|   ap_fifo  |        digi       |    pointer   |
|digi_read                 | out |      1|   ap_fifo  |        digi       |    pointer   |
|layer_1_out_0_V           | out |     12|   ap_vld   |  layer_1_out_0_V  |    pointer   |
|layer_1_out_0_V_ap_vld    | out |      1|   ap_vld   |  layer_1_out_0_V  |    pointer   |
|layer_1_out_1_V           | out |     12|   ap_vld   |  layer_1_out_1_V  |    pointer   |
|layer_1_out_1_V_ap_vld    | out |      1|   ap_vld   |  layer_1_out_1_V  |    pointer   |
|layer_1_out_2_V           | out |     12|   ap_vld   |  layer_1_out_2_V  |    pointer   |
|layer_1_out_2_V_ap_vld    | out |      1|   ap_vld   |  layer_1_out_2_V  |    pointer   |
|layer_1_out_3_V           | out |     12|   ap_vld   |  layer_1_out_3_V  |    pointer   |
|layer_1_out_3_V_ap_vld    | out |      1|   ap_vld   |  layer_1_out_3_V  |    pointer   |
|layer_1_out_4_V           | out |     12|   ap_vld   |  layer_1_out_4_V  |    pointer   |
|layer_1_out_4_V_ap_vld    | out |      1|   ap_vld   |  layer_1_out_4_V  |    pointer   |
|layer_1_out_5_V           | out |     12|   ap_vld   |  layer_1_out_5_V  |    pointer   |
|layer_1_out_5_V_ap_vld    | out |      1|   ap_vld   |  layer_1_out_5_V  |    pointer   |
|layer_1_out_6_V           | out |     12|   ap_vld   |  layer_1_out_6_V  |    pointer   |
|layer_1_out_6_V_ap_vld    | out |      1|   ap_vld   |  layer_1_out_6_V  |    pointer   |
|layer_1_out_7_V           | out |     12|   ap_vld   |  layer_1_out_7_V  |    pointer   |
|layer_1_out_7_V_ap_vld    | out |      1|   ap_vld   |  layer_1_out_7_V  |    pointer   |
|layer_1_out_8_V           | out |     12|   ap_vld   |  layer_1_out_8_V  |    pointer   |
|layer_1_out_8_V_ap_vld    | out |      1|   ap_vld   |  layer_1_out_8_V  |    pointer   |
|layer_1_out_9_V           | out |     12|   ap_vld   |  layer_1_out_9_V  |    pointer   |
|layer_1_out_9_V_ap_vld    | out |      1|   ap_vld   |  layer_1_out_9_V  |    pointer   |
|layer_1_out_10_V          | out |     12|   ap_vld   |  layer_1_out_10_V |    pointer   |
|layer_1_out_10_V_ap_vld   | out |      1|   ap_vld   |  layer_1_out_10_V |    pointer   |
|layer_1_out_11_V          | out |     12|   ap_vld   |  layer_1_out_11_V |    pointer   |
|layer_1_out_11_V_ap_vld   | out |      1|   ap_vld   |  layer_1_out_11_V |    pointer   |
|layer_1_out_12_V          | out |     12|   ap_vld   |  layer_1_out_12_V |    pointer   |
|layer_1_out_12_V_ap_vld   | out |      1|   ap_vld   |  layer_1_out_12_V |    pointer   |
|layer_1_out_13_V          | out |     12|   ap_vld   |  layer_1_out_13_V |    pointer   |
|layer_1_out_13_V_ap_vld   | out |      1|   ap_vld   |  layer_1_out_13_V |    pointer   |
|layer_1_out_14_V          | out |     12|   ap_vld   |  layer_1_out_14_V |    pointer   |
|layer_1_out_14_V_ap_vld   | out |      1|   ap_vld   |  layer_1_out_14_V |    pointer   |
|layer_1_out_15_V          | out |     12|   ap_vld   |  layer_1_out_15_V |    pointer   |
|layer_1_out_15_V_ap_vld   | out |      1|   ap_vld   |  layer_1_out_15_V |    pointer   |
|layer_1_out_16_V          | out |     12|   ap_vld   |  layer_1_out_16_V |    pointer   |
|layer_1_out_16_V_ap_vld   | out |      1|   ap_vld   |  layer_1_out_16_V |    pointer   |
|layer_1_out_17_V          | out |     12|   ap_vld   |  layer_1_out_17_V |    pointer   |
|layer_1_out_17_V_ap_vld   | out |      1|   ap_vld   |  layer_1_out_17_V |    pointer   |
|layer_1_out_18_V          | out |     12|   ap_vld   |  layer_1_out_18_V |    pointer   |
|layer_1_out_18_V_ap_vld   | out |      1|   ap_vld   |  layer_1_out_18_V |    pointer   |
|layer_1_out_19_V          | out |     12|   ap_vld   |  layer_1_out_19_V |    pointer   |
|layer_1_out_19_V_ap_vld   | out |      1|   ap_vld   |  layer_1_out_19_V |    pointer   |
|layer_1_out_20_V          | out |     12|   ap_vld   |  layer_1_out_20_V |    pointer   |
|layer_1_out_20_V_ap_vld   | out |      1|   ap_vld   |  layer_1_out_20_V |    pointer   |
|layer_1_out_21_V          | out |     12|   ap_vld   |  layer_1_out_21_V |    pointer   |
|layer_1_out_21_V_ap_vld   | out |      1|   ap_vld   |  layer_1_out_21_V |    pointer   |
|layer_1_out_22_V          | out |     12|   ap_vld   |  layer_1_out_22_V |    pointer   |
|layer_1_out_22_V_ap_vld   | out |      1|   ap_vld   |  layer_1_out_22_V |    pointer   |
|layer_1_out_23_V          | out |     12|   ap_vld   |  layer_1_out_23_V |    pointer   |
|layer_1_out_23_V_ap_vld   | out |      1|   ap_vld   |  layer_1_out_23_V |    pointer   |
|layer_1_out_24_V          | out |     12|   ap_vld   |  layer_1_out_24_V |    pointer   |
|layer_1_out_24_V_ap_vld   | out |      1|   ap_vld   |  layer_1_out_24_V |    pointer   |
|layer_1_out_25_V          | out |     12|   ap_vld   |  layer_1_out_25_V |    pointer   |
|layer_1_out_25_V_ap_vld   | out |      1|   ap_vld   |  layer_1_out_25_V |    pointer   |
|layer_1_out_26_V          | out |     12|   ap_vld   |  layer_1_out_26_V |    pointer   |
|layer_1_out_26_V_ap_vld   | out |      1|   ap_vld   |  layer_1_out_26_V |    pointer   |
|layer_1_out_27_V          | out |     12|   ap_vld   |  layer_1_out_27_V |    pointer   |
|layer_1_out_27_V_ap_vld   | out |      1|   ap_vld   |  layer_1_out_27_V |    pointer   |
|layer_1_out_28_V          | out |     12|   ap_vld   |  layer_1_out_28_V |    pointer   |
|layer_1_out_28_V_ap_vld   | out |      1|   ap_vld   |  layer_1_out_28_V |    pointer   |
|layer_1_out_29_V          | out |     12|   ap_vld   |  layer_1_out_29_V |    pointer   |
|layer_1_out_29_V_ap_vld   | out |      1|   ap_vld   |  layer_1_out_29_V |    pointer   |
|layer_1_out_30_V          | out |     12|   ap_vld   |  layer_1_out_30_V |    pointer   |
|layer_1_out_30_V_ap_vld   | out |      1|   ap_vld   |  layer_1_out_30_V |    pointer   |
|layer_1_out_31_V          | out |     12|   ap_vld   |  layer_1_out_31_V |    pointer   |
|layer_1_out_31_V_ap_vld   | out |      1|   ap_vld   |  layer_1_out_31_V |    pointer   |
|layer_1_out_32_V          | out |     12|   ap_vld   |  layer_1_out_32_V |    pointer   |
|layer_1_out_32_V_ap_vld   | out |      1|   ap_vld   |  layer_1_out_32_V |    pointer   |
|layer_1_out_33_V          | out |     12|   ap_vld   |  layer_1_out_33_V |    pointer   |
|layer_1_out_33_V_ap_vld   | out |      1|   ap_vld   |  layer_1_out_33_V |    pointer   |
|layer_1_out_34_V          | out |     12|   ap_vld   |  layer_1_out_34_V |    pointer   |
|layer_1_out_34_V_ap_vld   | out |      1|   ap_vld   |  layer_1_out_34_V |    pointer   |
|layer_1_out_35_V          | out |     12|   ap_vld   |  layer_1_out_35_V |    pointer   |
|layer_1_out_35_V_ap_vld   | out |      1|   ap_vld   |  layer_1_out_35_V |    pointer   |
|layer_1_out_36_V          | out |     12|   ap_vld   |  layer_1_out_36_V |    pointer   |
|layer_1_out_36_V_ap_vld   | out |      1|   ap_vld   |  layer_1_out_36_V |    pointer   |
|layer_1_out_37_V          | out |     12|   ap_vld   |  layer_1_out_37_V |    pointer   |
|layer_1_out_37_V_ap_vld   | out |      1|   ap_vld   |  layer_1_out_37_V |    pointer   |
|layer_1_out_38_V          | out |     12|   ap_vld   |  layer_1_out_38_V |    pointer   |
|layer_1_out_38_V_ap_vld   | out |      1|   ap_vld   |  layer_1_out_38_V |    pointer   |
|layer_1_out_39_V          | out |     12|   ap_vld   |  layer_1_out_39_V |    pointer   |
|layer_1_out_39_V_ap_vld   | out |      1|   ap_vld   |  layer_1_out_39_V |    pointer   |
|layer_1_out_40_V          | out |     12|   ap_vld   |  layer_1_out_40_V |    pointer   |
|layer_1_out_40_V_ap_vld   | out |      1|   ap_vld   |  layer_1_out_40_V |    pointer   |
|layer_1_out_41_V          | out |     12|   ap_vld   |  layer_1_out_41_V |    pointer   |
|layer_1_out_41_V_ap_vld   | out |      1|   ap_vld   |  layer_1_out_41_V |    pointer   |
|layer_1_out_42_V          | out |     12|   ap_vld   |  layer_1_out_42_V |    pointer   |
|layer_1_out_42_V_ap_vld   | out |      1|   ap_vld   |  layer_1_out_42_V |    pointer   |
|layer_1_out_43_V          | out |     12|   ap_vld   |  layer_1_out_43_V |    pointer   |
|layer_1_out_43_V_ap_vld   | out |      1|   ap_vld   |  layer_1_out_43_V |    pointer   |
|layer_1_out_44_V          | out |     12|   ap_vld   |  layer_1_out_44_V |    pointer   |
|layer_1_out_44_V_ap_vld   | out |      1|   ap_vld   |  layer_1_out_44_V |    pointer   |
|layer_1_out_45_V          | out |     12|   ap_vld   |  layer_1_out_45_V |    pointer   |
|layer_1_out_45_V_ap_vld   | out |      1|   ap_vld   |  layer_1_out_45_V |    pointer   |
|layer_1_out_46_V          | out |     12|   ap_vld   |  layer_1_out_46_V |    pointer   |
|layer_1_out_46_V_ap_vld   | out |      1|   ap_vld   |  layer_1_out_46_V |    pointer   |
|layer_1_out_47_V          | out |     12|   ap_vld   |  layer_1_out_47_V |    pointer   |
|layer_1_out_47_V_ap_vld   | out |      1|   ap_vld   |  layer_1_out_47_V |    pointer   |
|layer_1_out_48_V          | out |     12|   ap_vld   |  layer_1_out_48_V |    pointer   |
|layer_1_out_48_V_ap_vld   | out |      1|   ap_vld   |  layer_1_out_48_V |    pointer   |
|layer_1_out_49_V          | out |     12|   ap_vld   |  layer_1_out_49_V |    pointer   |
|layer_1_out_49_V_ap_vld   | out |      1|   ap_vld   |  layer_1_out_49_V |    pointer   |
|layer_1_out_50_V          | out |     12|   ap_vld   |  layer_1_out_50_V |    pointer   |
|layer_1_out_50_V_ap_vld   | out |      1|   ap_vld   |  layer_1_out_50_V |    pointer   |
|layer_1_out_51_V          | out |     12|   ap_vld   |  layer_1_out_51_V |    pointer   |
|layer_1_out_51_V_ap_vld   | out |      1|   ap_vld   |  layer_1_out_51_V |    pointer   |
|layer_1_out_52_V          | out |     12|   ap_vld   |  layer_1_out_52_V |    pointer   |
|layer_1_out_52_V_ap_vld   | out |      1|   ap_vld   |  layer_1_out_52_V |    pointer   |
|layer_1_out_53_V          | out |     12|   ap_vld   |  layer_1_out_53_V |    pointer   |
|layer_1_out_53_V_ap_vld   | out |      1|   ap_vld   |  layer_1_out_53_V |    pointer   |
|layer_1_out_54_V          | out |     12|   ap_vld   |  layer_1_out_54_V |    pointer   |
|layer_1_out_54_V_ap_vld   | out |      1|   ap_vld   |  layer_1_out_54_V |    pointer   |
|layer_1_out_55_V          | out |     12|   ap_vld   |  layer_1_out_55_V |    pointer   |
|layer_1_out_55_V_ap_vld   | out |      1|   ap_vld   |  layer_1_out_55_V |    pointer   |
|layer_1_out_56_V          | out |     12|   ap_vld   |  layer_1_out_56_V |    pointer   |
|layer_1_out_56_V_ap_vld   | out |      1|   ap_vld   |  layer_1_out_56_V |    pointer   |
|layer_1_out_57_V          | out |     12|   ap_vld   |  layer_1_out_57_V |    pointer   |
|layer_1_out_57_V_ap_vld   | out |      1|   ap_vld   |  layer_1_out_57_V |    pointer   |
|layer_1_out_58_V          | out |     12|   ap_vld   |  layer_1_out_58_V |    pointer   |
|layer_1_out_58_V_ap_vld   | out |      1|   ap_vld   |  layer_1_out_58_V |    pointer   |
|layer_1_out_59_V          | out |     12|   ap_vld   |  layer_1_out_59_V |    pointer   |
|layer_1_out_59_V_ap_vld   | out |      1|   ap_vld   |  layer_1_out_59_V |    pointer   |
|layer_1_out_60_V          | out |     12|   ap_vld   |  layer_1_out_60_V |    pointer   |
|layer_1_out_60_V_ap_vld   | out |      1|   ap_vld   |  layer_1_out_60_V |    pointer   |
|layer_1_out_61_V          | out |     12|   ap_vld   |  layer_1_out_61_V |    pointer   |
|layer_1_out_61_V_ap_vld   | out |      1|   ap_vld   |  layer_1_out_61_V |    pointer   |
|layer_1_out_62_V          | out |     12|   ap_vld   |  layer_1_out_62_V |    pointer   |
|layer_1_out_62_V_ap_vld   | out |      1|   ap_vld   |  layer_1_out_62_V |    pointer   |
|layer_1_out_63_V          | out |     12|   ap_vld   |  layer_1_out_63_V |    pointer   |
|layer_1_out_63_V_ap_vld   | out |      1|   ap_vld   |  layer_1_out_63_V |    pointer   |
|layer_1_out_64_V          | out |     12|   ap_vld   |  layer_1_out_64_V |    pointer   |
|layer_1_out_64_V_ap_vld   | out |      1|   ap_vld   |  layer_1_out_64_V |    pointer   |
|layer_1_out_65_V          | out |     12|   ap_vld   |  layer_1_out_65_V |    pointer   |
|layer_1_out_65_V_ap_vld   | out |      1|   ap_vld   |  layer_1_out_65_V |    pointer   |
|layer_1_out_66_V          | out |     12|   ap_vld   |  layer_1_out_66_V |    pointer   |
|layer_1_out_66_V_ap_vld   | out |      1|   ap_vld   |  layer_1_out_66_V |    pointer   |
|layer_1_out_67_V          | out |     12|   ap_vld   |  layer_1_out_67_V |    pointer   |
|layer_1_out_67_V_ap_vld   | out |      1|   ap_vld   |  layer_1_out_67_V |    pointer   |
|layer_1_out_68_V          | out |     12|   ap_vld   |  layer_1_out_68_V |    pointer   |
|layer_1_out_68_V_ap_vld   | out |      1|   ap_vld   |  layer_1_out_68_V |    pointer   |
|layer_1_out_69_V          | out |     12|   ap_vld   |  layer_1_out_69_V |    pointer   |
|layer_1_out_69_V_ap_vld   | out |      1|   ap_vld   |  layer_1_out_69_V |    pointer   |
|layer_1_out_70_V          | out |     12|   ap_vld   |  layer_1_out_70_V |    pointer   |
|layer_1_out_70_V_ap_vld   | out |      1|   ap_vld   |  layer_1_out_70_V |    pointer   |
|layer_1_out_71_V          | out |     12|   ap_vld   |  layer_1_out_71_V |    pointer   |
|layer_1_out_71_V_ap_vld   | out |      1|   ap_vld   |  layer_1_out_71_V |    pointer   |
|layer_1_out_72_V          | out |     12|   ap_vld   |  layer_1_out_72_V |    pointer   |
|layer_1_out_72_V_ap_vld   | out |      1|   ap_vld   |  layer_1_out_72_V |    pointer   |
|layer_1_out_73_V          | out |     12|   ap_vld   |  layer_1_out_73_V |    pointer   |
|layer_1_out_73_V_ap_vld   | out |      1|   ap_vld   |  layer_1_out_73_V |    pointer   |
|layer_1_out_74_V          | out |     12|   ap_vld   |  layer_1_out_74_V |    pointer   |
|layer_1_out_74_V_ap_vld   | out |      1|   ap_vld   |  layer_1_out_74_V |    pointer   |
|layer_1_out_75_V          | out |     12|   ap_vld   |  layer_1_out_75_V |    pointer   |
|layer_1_out_75_V_ap_vld   | out |      1|   ap_vld   |  layer_1_out_75_V |    pointer   |
|layer_1_out_76_V          | out |     12|   ap_vld   |  layer_1_out_76_V |    pointer   |
|layer_1_out_76_V_ap_vld   | out |      1|   ap_vld   |  layer_1_out_76_V |    pointer   |
|layer_1_out_77_V          | out |     12|   ap_vld   |  layer_1_out_77_V |    pointer   |
|layer_1_out_77_V_ap_vld   | out |      1|   ap_vld   |  layer_1_out_77_V |    pointer   |
|layer_1_out_78_V          | out |     12|   ap_vld   |  layer_1_out_78_V |    pointer   |
|layer_1_out_78_V_ap_vld   | out |      1|   ap_vld   |  layer_1_out_78_V |    pointer   |
|layer_1_out_79_V          | out |     12|   ap_vld   |  layer_1_out_79_V |    pointer   |
|layer_1_out_79_V_ap_vld   | out |      1|   ap_vld   |  layer_1_out_79_V |    pointer   |
|layer_1_out_80_V          | out |     12|   ap_vld   |  layer_1_out_80_V |    pointer   |
|layer_1_out_80_V_ap_vld   | out |      1|   ap_vld   |  layer_1_out_80_V |    pointer   |
|layer_1_out_81_V          | out |     12|   ap_vld   |  layer_1_out_81_V |    pointer   |
|layer_1_out_81_V_ap_vld   | out |      1|   ap_vld   |  layer_1_out_81_V |    pointer   |
|layer_1_out_82_V          | out |     12|   ap_vld   |  layer_1_out_82_V |    pointer   |
|layer_1_out_82_V_ap_vld   | out |      1|   ap_vld   |  layer_1_out_82_V |    pointer   |
|layer_1_out_83_V          | out |     12|   ap_vld   |  layer_1_out_83_V |    pointer   |
|layer_1_out_83_V_ap_vld   | out |      1|   ap_vld   |  layer_1_out_83_V |    pointer   |
|layer_1_out_84_V          | out |     12|   ap_vld   |  layer_1_out_84_V |    pointer   |
|layer_1_out_84_V_ap_vld   | out |      1|   ap_vld   |  layer_1_out_84_V |    pointer   |
|layer_1_out_85_V          | out |     12|   ap_vld   |  layer_1_out_85_V |    pointer   |
|layer_1_out_85_V_ap_vld   | out |      1|   ap_vld   |  layer_1_out_85_V |    pointer   |
|layer_1_out_86_V          | out |     12|   ap_vld   |  layer_1_out_86_V |    pointer   |
|layer_1_out_86_V_ap_vld   | out |      1|   ap_vld   |  layer_1_out_86_V |    pointer   |
|layer_1_out_87_V          | out |     12|   ap_vld   |  layer_1_out_87_V |    pointer   |
|layer_1_out_87_V_ap_vld   | out |      1|   ap_vld   |  layer_1_out_87_V |    pointer   |
|layer_1_out_88_V          | out |     12|   ap_vld   |  layer_1_out_88_V |    pointer   |
|layer_1_out_88_V_ap_vld   | out |      1|   ap_vld   |  layer_1_out_88_V |    pointer   |
|layer_1_out_89_V          | out |     12|   ap_vld   |  layer_1_out_89_V |    pointer   |
|layer_1_out_89_V_ap_vld   | out |      1|   ap_vld   |  layer_1_out_89_V |    pointer   |
|layer_1_out_90_V          | out |     12|   ap_vld   |  layer_1_out_90_V |    pointer   |
|layer_1_out_90_V_ap_vld   | out |      1|   ap_vld   |  layer_1_out_90_V |    pointer   |
|layer_1_out_91_V          | out |     12|   ap_vld   |  layer_1_out_91_V |    pointer   |
|layer_1_out_91_V_ap_vld   | out |      1|   ap_vld   |  layer_1_out_91_V |    pointer   |
|layer_1_out_92_V          | out |     12|   ap_vld   |  layer_1_out_92_V |    pointer   |
|layer_1_out_92_V_ap_vld   | out |      1|   ap_vld   |  layer_1_out_92_V |    pointer   |
|layer_1_out_93_V          | out |     12|   ap_vld   |  layer_1_out_93_V |    pointer   |
|layer_1_out_93_V_ap_vld   | out |      1|   ap_vld   |  layer_1_out_93_V |    pointer   |
|layer_1_out_94_V          | out |     12|   ap_vld   |  layer_1_out_94_V |    pointer   |
|layer_1_out_94_V_ap_vld   | out |      1|   ap_vld   |  layer_1_out_94_V |    pointer   |
|layer_1_out_95_V          | out |     12|   ap_vld   |  layer_1_out_95_V |    pointer   |
|layer_1_out_95_V_ap_vld   | out |      1|   ap_vld   |  layer_1_out_95_V |    pointer   |
|layer_1_out_96_V          | out |     12|   ap_vld   |  layer_1_out_96_V |    pointer   |
|layer_1_out_96_V_ap_vld   | out |      1|   ap_vld   |  layer_1_out_96_V |    pointer   |
|layer_1_out_97_V          | out |     12|   ap_vld   |  layer_1_out_97_V |    pointer   |
|layer_1_out_97_V_ap_vld   | out |      1|   ap_vld   |  layer_1_out_97_V |    pointer   |
|layer_1_out_98_V          | out |     12|   ap_vld   |  layer_1_out_98_V |    pointer   |
|layer_1_out_98_V_ap_vld   | out |      1|   ap_vld   |  layer_1_out_98_V |    pointer   |
|layer_1_out_99_V          | out |     12|   ap_vld   |  layer_1_out_99_V |    pointer   |
|layer_1_out_99_V_ap_vld   | out |      1|   ap_vld   |  layer_1_out_99_V |    pointer   |
|layer_1_out_100_V         | out |     12|   ap_vld   | layer_1_out_100_V |    pointer   |
|layer_1_out_100_V_ap_vld  | out |      1|   ap_vld   | layer_1_out_100_V |    pointer   |
|layer_1_out_101_V         | out |     12|   ap_vld   | layer_1_out_101_V |    pointer   |
|layer_1_out_101_V_ap_vld  | out |      1|   ap_vld   | layer_1_out_101_V |    pointer   |
|layer_1_out_102_V         | out |     12|   ap_vld   | layer_1_out_102_V |    pointer   |
|layer_1_out_102_V_ap_vld  | out |      1|   ap_vld   | layer_1_out_102_V |    pointer   |
|layer_1_out_103_V         | out |     12|   ap_vld   | layer_1_out_103_V |    pointer   |
|layer_1_out_103_V_ap_vld  | out |      1|   ap_vld   | layer_1_out_103_V |    pointer   |
|layer_1_out_104_V         | out |     12|   ap_vld   | layer_1_out_104_V |    pointer   |
|layer_1_out_104_V_ap_vld  | out |      1|   ap_vld   | layer_1_out_104_V |    pointer   |
|layer_1_out_105_V         | out |     12|   ap_vld   | layer_1_out_105_V |    pointer   |
|layer_1_out_105_V_ap_vld  | out |      1|   ap_vld   | layer_1_out_105_V |    pointer   |
|layer_1_out_106_V         | out |     12|   ap_vld   | layer_1_out_106_V |    pointer   |
|layer_1_out_106_V_ap_vld  | out |      1|   ap_vld   | layer_1_out_106_V |    pointer   |
|layer_1_out_107_V         | out |     12|   ap_vld   | layer_1_out_107_V |    pointer   |
|layer_1_out_107_V_ap_vld  | out |      1|   ap_vld   | layer_1_out_107_V |    pointer   |
|layer_1_out_108_V         | out |     12|   ap_vld   | layer_1_out_108_V |    pointer   |
|layer_1_out_108_V_ap_vld  | out |      1|   ap_vld   | layer_1_out_108_V |    pointer   |
|layer_1_out_109_V         | out |     12|   ap_vld   | layer_1_out_109_V |    pointer   |
|layer_1_out_109_V_ap_vld  | out |      1|   ap_vld   | layer_1_out_109_V |    pointer   |
|layer_1_out_110_V         | out |     12|   ap_vld   | layer_1_out_110_V |    pointer   |
|layer_1_out_110_V_ap_vld  | out |      1|   ap_vld   | layer_1_out_110_V |    pointer   |
|layer_1_out_111_V         | out |     12|   ap_vld   | layer_1_out_111_V |    pointer   |
|layer_1_out_111_V_ap_vld  | out |      1|   ap_vld   | layer_1_out_111_V |    pointer   |
|layer_1_out_112_V         | out |     12|   ap_vld   | layer_1_out_112_V |    pointer   |
|layer_1_out_112_V_ap_vld  | out |      1|   ap_vld   | layer_1_out_112_V |    pointer   |
|layer_1_out_113_V         | out |     12|   ap_vld   | layer_1_out_113_V |    pointer   |
|layer_1_out_113_V_ap_vld  | out |      1|   ap_vld   | layer_1_out_113_V |    pointer   |
|layer_1_out_114_V         | out |     12|   ap_vld   | layer_1_out_114_V |    pointer   |
|layer_1_out_114_V_ap_vld  | out |      1|   ap_vld   | layer_1_out_114_V |    pointer   |
|layer_1_out_115_V         | out |     12|   ap_vld   | layer_1_out_115_V |    pointer   |
|layer_1_out_115_V_ap_vld  | out |      1|   ap_vld   | layer_1_out_115_V |    pointer   |
|layer_1_out_116_V         | out |     12|   ap_vld   | layer_1_out_116_V |    pointer   |
|layer_1_out_116_V_ap_vld  | out |      1|   ap_vld   | layer_1_out_116_V |    pointer   |
|layer_1_out_117_V         | out |     12|   ap_vld   | layer_1_out_117_V |    pointer   |
|layer_1_out_117_V_ap_vld  | out |      1|   ap_vld   | layer_1_out_117_V |    pointer   |
|layer_1_out_118_V         | out |     12|   ap_vld   | layer_1_out_118_V |    pointer   |
|layer_1_out_118_V_ap_vld  | out |      1|   ap_vld   | layer_1_out_118_V |    pointer   |
|layer_1_out_119_V         | out |     12|   ap_vld   | layer_1_out_119_V |    pointer   |
|layer_1_out_119_V_ap_vld  | out |      1|   ap_vld   | layer_1_out_119_V |    pointer   |
|layer_1_out_120_V         | out |     12|   ap_vld   | layer_1_out_120_V |    pointer   |
|layer_1_out_120_V_ap_vld  | out |      1|   ap_vld   | layer_1_out_120_V |    pointer   |
|layer_1_out_121_V         | out |     12|   ap_vld   | layer_1_out_121_V |    pointer   |
|layer_1_out_121_V_ap_vld  | out |      1|   ap_vld   | layer_1_out_121_V |    pointer   |
|layer_1_out_122_V         | out |     12|   ap_vld   | layer_1_out_122_V |    pointer   |
|layer_1_out_122_V_ap_vld  | out |      1|   ap_vld   | layer_1_out_122_V |    pointer   |
|layer_1_out_123_V         | out |     12|   ap_vld   | layer_1_out_123_V |    pointer   |
|layer_1_out_123_V_ap_vld  | out |      1|   ap_vld   | layer_1_out_123_V |    pointer   |
|layer_1_out_124_V         | out |     12|   ap_vld   | layer_1_out_124_V |    pointer   |
|layer_1_out_124_V_ap_vld  | out |      1|   ap_vld   | layer_1_out_124_V |    pointer   |
|layer_1_out_125_V         | out |     12|   ap_vld   | layer_1_out_125_V |    pointer   |
|layer_1_out_125_V_ap_vld  | out |      1|   ap_vld   | layer_1_out_125_V |    pointer   |
|layer_1_out_126_V         | out |     12|   ap_vld   | layer_1_out_126_V |    pointer   |
|layer_1_out_126_V_ap_vld  | out |      1|   ap_vld   | layer_1_out_126_V |    pointer   |
|layer_1_out_127_V         | out |     12|   ap_vld   | layer_1_out_127_V |    pointer   |
|layer_1_out_127_V_ap_vld  | out |      1|   ap_vld   | layer_1_out_127_V |    pointer   |
|layer_1_out_128_V         | out |     12|   ap_vld   | layer_1_out_128_V |    pointer   |
|layer_1_out_128_V_ap_vld  | out |      1|   ap_vld   | layer_1_out_128_V |    pointer   |
|layer_1_out_129_V         | out |     12|   ap_vld   | layer_1_out_129_V |    pointer   |
|layer_1_out_129_V_ap_vld  | out |      1|   ap_vld   | layer_1_out_129_V |    pointer   |
|layer_1_out_130_V         | out |     12|   ap_vld   | layer_1_out_130_V |    pointer   |
|layer_1_out_130_V_ap_vld  | out |      1|   ap_vld   | layer_1_out_130_V |    pointer   |
|layer_1_out_131_V         | out |     12|   ap_vld   | layer_1_out_131_V |    pointer   |
|layer_1_out_131_V_ap_vld  | out |      1|   ap_vld   | layer_1_out_131_V |    pointer   |
|layer_1_out_132_V         | out |     12|   ap_vld   | layer_1_out_132_V |    pointer   |
|layer_1_out_132_V_ap_vld  | out |      1|   ap_vld   | layer_1_out_132_V |    pointer   |
|layer_1_out_133_V         | out |     12|   ap_vld   | layer_1_out_133_V |    pointer   |
|layer_1_out_133_V_ap_vld  | out |      1|   ap_vld   | layer_1_out_133_V |    pointer   |
|layer_1_out_134_V         | out |     12|   ap_vld   | layer_1_out_134_V |    pointer   |
|layer_1_out_134_V_ap_vld  | out |      1|   ap_vld   | layer_1_out_134_V |    pointer   |
|layer_1_out_135_V         | out |     12|   ap_vld   | layer_1_out_135_V |    pointer   |
|layer_1_out_135_V_ap_vld  | out |      1|   ap_vld   | layer_1_out_135_V |    pointer   |
|layer_1_out_136_V         | out |     12|   ap_vld   | layer_1_out_136_V |    pointer   |
|layer_1_out_136_V_ap_vld  | out |      1|   ap_vld   | layer_1_out_136_V |    pointer   |
|layer_1_out_137_V         | out |     12|   ap_vld   | layer_1_out_137_V |    pointer   |
|layer_1_out_137_V_ap_vld  | out |      1|   ap_vld   | layer_1_out_137_V |    pointer   |
|layer_1_out_138_V         | out |     12|   ap_vld   | layer_1_out_138_V |    pointer   |
|layer_1_out_138_V_ap_vld  | out |      1|   ap_vld   | layer_1_out_138_V |    pointer   |
|layer_1_out_139_V         | out |     12|   ap_vld   | layer_1_out_139_V |    pointer   |
|layer_1_out_139_V_ap_vld  | out |      1|   ap_vld   | layer_1_out_139_V |    pointer   |
|layer_1_out_140_V         | out |     12|   ap_vld   | layer_1_out_140_V |    pointer   |
|layer_1_out_140_V_ap_vld  | out |      1|   ap_vld   | layer_1_out_140_V |    pointer   |
|layer_1_out_141_V         | out |     12|   ap_vld   | layer_1_out_141_V |    pointer   |
|layer_1_out_141_V_ap_vld  | out |      1|   ap_vld   | layer_1_out_141_V |    pointer   |
|layer_1_out_142_V         | out |     12|   ap_vld   | layer_1_out_142_V |    pointer   |
|layer_1_out_142_V_ap_vld  | out |      1|   ap_vld   | layer_1_out_142_V |    pointer   |
|layer_1_out_143_V         | out |     12|   ap_vld   | layer_1_out_143_V |    pointer   |
|layer_1_out_143_V_ap_vld  | out |      1|   ap_vld   | layer_1_out_143_V |    pointer   |
|layer_1_out_144_V         | out |     12|   ap_vld   | layer_1_out_144_V |    pointer   |
|layer_1_out_144_V_ap_vld  | out |      1|   ap_vld   | layer_1_out_144_V |    pointer   |
|layer_1_out_145_V         | out |     12|   ap_vld   | layer_1_out_145_V |    pointer   |
|layer_1_out_145_V_ap_vld  | out |      1|   ap_vld   | layer_1_out_145_V |    pointer   |
|layer_1_out_146_V         | out |     12|   ap_vld   | layer_1_out_146_V |    pointer   |
|layer_1_out_146_V_ap_vld  | out |      1|   ap_vld   | layer_1_out_146_V |    pointer   |
|layer_1_out_147_V         | out |     12|   ap_vld   | layer_1_out_147_V |    pointer   |
|layer_1_out_147_V_ap_vld  | out |      1|   ap_vld   | layer_1_out_147_V |    pointer   |
|layer_1_out_148_V         | out |     12|   ap_vld   | layer_1_out_148_V |    pointer   |
|layer_1_out_148_V_ap_vld  | out |      1|   ap_vld   | layer_1_out_148_V |    pointer   |
|layer_1_out_149_V         | out |     12|   ap_vld   | layer_1_out_149_V |    pointer   |
|layer_1_out_149_V_ap_vld  | out |      1|   ap_vld   | layer_1_out_149_V |    pointer   |
|layer_1_out_150_V         | out |     12|   ap_vld   | layer_1_out_150_V |    pointer   |
|layer_1_out_150_V_ap_vld  | out |      1|   ap_vld   | layer_1_out_150_V |    pointer   |
|layer_1_out_151_V         | out |     12|   ap_vld   | layer_1_out_151_V |    pointer   |
|layer_1_out_151_V_ap_vld  | out |      1|   ap_vld   | layer_1_out_151_V |    pointer   |
|layer_1_out_152_V         | out |     12|   ap_vld   | layer_1_out_152_V |    pointer   |
|layer_1_out_152_V_ap_vld  | out |      1|   ap_vld   | layer_1_out_152_V |    pointer   |
|layer_1_out_153_V         | out |     12|   ap_vld   | layer_1_out_153_V |    pointer   |
|layer_1_out_153_V_ap_vld  | out |      1|   ap_vld   | layer_1_out_153_V |    pointer   |
|layer_1_out_154_V         | out |     12|   ap_vld   | layer_1_out_154_V |    pointer   |
|layer_1_out_154_V_ap_vld  | out |      1|   ap_vld   | layer_1_out_154_V |    pointer   |
|layer_1_out_155_V         | out |     12|   ap_vld   | layer_1_out_155_V |    pointer   |
|layer_1_out_155_V_ap_vld  | out |      1|   ap_vld   | layer_1_out_155_V |    pointer   |
|layer_1_out_156_V         | out |     12|   ap_vld   | layer_1_out_156_V |    pointer   |
|layer_1_out_156_V_ap_vld  | out |      1|   ap_vld   | layer_1_out_156_V |    pointer   |
|layer_1_out_157_V         | out |     12|   ap_vld   | layer_1_out_157_V |    pointer   |
|layer_1_out_157_V_ap_vld  | out |      1|   ap_vld   | layer_1_out_157_V |    pointer   |
|layer_1_out_158_V         | out |     12|   ap_vld   | layer_1_out_158_V |    pointer   |
|layer_1_out_158_V_ap_vld  | out |      1|   ap_vld   | layer_1_out_158_V |    pointer   |
|layer_1_out_159_V         | out |     12|   ap_vld   | layer_1_out_159_V |    pointer   |
|layer_1_out_159_V_ap_vld  | out |      1|   ap_vld   | layer_1_out_159_V |    pointer   |
|layer_1_out_160_V         | out |     12|   ap_vld   | layer_1_out_160_V |    pointer   |
|layer_1_out_160_V_ap_vld  | out |      1|   ap_vld   | layer_1_out_160_V |    pointer   |
|layer_1_out_161_V         | out |     12|   ap_vld   | layer_1_out_161_V |    pointer   |
|layer_1_out_161_V_ap_vld  | out |      1|   ap_vld   | layer_1_out_161_V |    pointer   |
|layer_1_out_162_V         | out |     12|   ap_vld   | layer_1_out_162_V |    pointer   |
|layer_1_out_162_V_ap_vld  | out |      1|   ap_vld   | layer_1_out_162_V |    pointer   |
|layer_1_out_163_V         | out |     12|   ap_vld   | layer_1_out_163_V |    pointer   |
|layer_1_out_163_V_ap_vld  | out |      1|   ap_vld   | layer_1_out_163_V |    pointer   |
|layer_1_out_164_V         | out |     12|   ap_vld   | layer_1_out_164_V |    pointer   |
|layer_1_out_164_V_ap_vld  | out |      1|   ap_vld   | layer_1_out_164_V |    pointer   |
|layer_1_out_165_V         | out |     12|   ap_vld   | layer_1_out_165_V |    pointer   |
|layer_1_out_165_V_ap_vld  | out |      1|   ap_vld   | layer_1_out_165_V |    pointer   |
|layer_1_out_166_V         | out |     12|   ap_vld   | layer_1_out_166_V |    pointer   |
|layer_1_out_166_V_ap_vld  | out |      1|   ap_vld   | layer_1_out_166_V |    pointer   |
|layer_1_out_167_V         | out |     12|   ap_vld   | layer_1_out_167_V |    pointer   |
|layer_1_out_167_V_ap_vld  | out |      1|   ap_vld   | layer_1_out_167_V |    pointer   |
|layer_1_out_168_V         | out |     12|   ap_vld   | layer_1_out_168_V |    pointer   |
|layer_1_out_168_V_ap_vld  | out |      1|   ap_vld   | layer_1_out_168_V |    pointer   |
|layer_1_out_169_V         | out |     12|   ap_vld   | layer_1_out_169_V |    pointer   |
|layer_1_out_169_V_ap_vld  | out |      1|   ap_vld   | layer_1_out_169_V |    pointer   |
|layer_1_out_170_V         | out |     12|   ap_vld   | layer_1_out_170_V |    pointer   |
|layer_1_out_170_V_ap_vld  | out |      1|   ap_vld   | layer_1_out_170_V |    pointer   |
|layer_1_out_171_V         | out |     12|   ap_vld   | layer_1_out_171_V |    pointer   |
|layer_1_out_171_V_ap_vld  | out |      1|   ap_vld   | layer_1_out_171_V |    pointer   |
|layer_1_out_172_V         | out |     12|   ap_vld   | layer_1_out_172_V |    pointer   |
|layer_1_out_172_V_ap_vld  | out |      1|   ap_vld   | layer_1_out_172_V |    pointer   |
|layer_1_out_173_V         | out |     12|   ap_vld   | layer_1_out_173_V |    pointer   |
|layer_1_out_173_V_ap_vld  | out |      1|   ap_vld   | layer_1_out_173_V |    pointer   |
|layer_1_out_174_V         | out |     12|   ap_vld   | layer_1_out_174_V |    pointer   |
|layer_1_out_174_V_ap_vld  | out |      1|   ap_vld   | layer_1_out_174_V |    pointer   |
|layer_1_out_175_V         | out |     12|   ap_vld   | layer_1_out_175_V |    pointer   |
|layer_1_out_175_V_ap_vld  | out |      1|   ap_vld   | layer_1_out_175_V |    pointer   |
|layer_1_out_176_V         | out |     12|   ap_vld   | layer_1_out_176_V |    pointer   |
|layer_1_out_176_V_ap_vld  | out |      1|   ap_vld   | layer_1_out_176_V |    pointer   |
|layer_1_out_177_V         | out |     12|   ap_vld   | layer_1_out_177_V |    pointer   |
|layer_1_out_177_V_ap_vld  | out |      1|   ap_vld   | layer_1_out_177_V |    pointer   |
|layer_1_out_178_V         | out |     12|   ap_vld   | layer_1_out_178_V |    pointer   |
|layer_1_out_178_V_ap_vld  | out |      1|   ap_vld   | layer_1_out_178_V |    pointer   |
|layer_1_out_179_V         | out |     12|   ap_vld   | layer_1_out_179_V |    pointer   |
|layer_1_out_179_V_ap_vld  | out |      1|   ap_vld   | layer_1_out_179_V |    pointer   |
|max_coor_address0         | out |      2|  ap_memory |      max_coor     |     array    |
|max_coor_ce0              | out |      1|  ap_memory |      max_coor     |     array    |
|max_coor_d0               | out |     10|  ap_memory |      max_coor     |     array    |
|max_coor_q0               |  in |     10|  ap_memory |      max_coor     |     array    |
|max_coor_we0              | out |      1|  ap_memory |      max_coor     |     array    |
|max_coor_address1         | out |      2|  ap_memory |      max_coor     |     array    |
|max_coor_ce1              | out |      1|  ap_memory |      max_coor     |     array    |
|max_coor_d1               | out |     10|  ap_memory |      max_coor     |     array    |
|max_coor_q1               |  in |     10|  ap_memory |      max_coor     |     array    |
|max_coor_we1              | out |      1|  ap_memory |      max_coor     |     array    |
|ap_clk                    |  in |      1| ap_ctrl_hs |      digi2win     | return value |
|ap_rst                    |  in |      1| ap_ctrl_hs |      digi2win     | return value |
|max_coor_empty_n          |  in |      1| ap_ctrl_hs |      digi2win     | return value |
|max_coor_read             | out |      1| ap_ctrl_hs |      digi2win     | return value |
|ap_start                  |  in |      1| ap_ctrl_hs |      digi2win     | return value |
|ap_done                   | out |      1| ap_ctrl_hs |      digi2win     | return value |
|ap_ready                  | out |      1| ap_ctrl_hs |      digi2win     | return value |
|ap_idle                   | out |      1| ap_ctrl_hs |      digi2win     | return value |
|ap_continue               |  in |      1| ap_ctrl_hs |      digi2win     | return value |
+--------------------------+-----+-------+------------+-------------------+--------------+

